2025-11-01 00:00:13,601 - INFO - 📝 File logging initialized: logs\scraper_20251101_000013.log
2025-11-01 00:00:13,728 - INFO - 🛡️  Starting scraping for 1 subjects
2025-11-01 00:00:13,728 - INFO - 📁 Saving to: data/
2025-11-01 00:00:13,728 - INFO - 💾 Mode: Memory-safe with immediate saves
2025-11-01 00:00:13,729 - INFO - 📋 Fetching subject titles from live website...
2025-11-01 00:00:13,861 - INFO - 📋 Found 263 subjects with titles from live site
2025-11-01 00:00:13,861 - INFO - ✅ Cached 263 subject titles for metadata
2025-11-01 00:00:13,864 - INFO - Preserved data for 263 existing subjects
2025-11-01 00:00:13,865 - INFO - 📊 Progress tracking enabled: logs\summary\scraping_progress.json
2025-11-01 00:00:13,865 - INFO - 🔄 Processing SLPA (1/1)
2025-11-01 00:00:13,865 - INFO - 📋 Scraping SLPA, attempt 1
2025-11-01 00:00:14,016 - INFO - 🔤 OCR produced: 1ZCG (awaiting server validation)
2025-11-01 00:00:14,337 - INFO - ✅ Captcha accepted for SLPA: has_courses
2025-11-01 00:00:14,403 - INFO - Parsed 40 courses from results table
2025-11-01 00:00:14,422 - INFO - 🚀 Started scraping SLPA
2025-11-01 00:00:14,423 - INFO - Getting details for all 40 courses...
2025-11-01 00:00:14,423 - INFO - 📖 Getting details for course 1/40: 5101
2025-11-01 00:00:14,779 - INFO - Navigating to Course Outcome page for 5101
2025-11-01 00:00:15,057 - INFO - Course Outcome parsed for 5101
2025-11-01 00:00:15,058 - INFO - Found 1 terms for 5101: ['2025-26 Term 1']
2025-11-01 00:00:15,058 - INFO - Scraping term 1/1: 2025-26 Term 1 for 5101
2025-11-01 00:00:15,084 - INFO - 'Show sections' button disabled for 2025-26 Term 1 - sections should already be visible
2025-11-01 00:00:15,116 - INFO - Getting enrollment details for section: --LEC (9821)
2025-11-01 00:00:15,466 - INFO - Extracted details for 5101: Credits=1.00, Terms=1
2025-11-01 00:00:16,467 - INFO - 📖 Getting details for course 2/40: 5102
2025-11-01 00:00:16,815 - INFO - Navigating to Course Outcome page for 5102
2025-11-01 00:00:17,062 - INFO - Course Outcome parsed for 5102
2025-11-01 00:00:17,062 - INFO - Found 1 terms for 5102: ['2025-26 Term 2']
2025-11-01 00:00:17,062 - INFO - Scraping term 1/1: 2025-26 Term 2 for 5102
2025-11-01 00:00:17,089 - INFO - 'Show sections' button disabled for 2025-26 Term 2 - sections should already be visible
2025-11-01 00:00:17,111 - INFO - Getting enrollment details for section: --LEC (2774)
2025-11-01 00:00:17,412 - INFO - Extracted details for 5102: Credits=1.00, Terms=1
2025-11-01 00:00:18,413 - INFO - 📖 Getting details for course 3/40: 5103
2025-11-01 00:00:18,715 - INFO - Navigating to Course Outcome page for 5103
2025-11-01 00:00:18,961 - INFO - Course Outcome parsed for 5103
2025-11-01 00:00:18,962 - INFO - No term dropdown found for 5103, using current data
2025-11-01 00:00:19,978 - INFO - 📖 Getting details for course 4/40: 5104
2025-11-01 00:00:20,321 - INFO - Navigating to Course Outcome page for 5104
2025-11-01 00:00:20,582 - INFO - Course Outcome parsed for 5104
2025-11-01 00:00:20,584 - INFO - Found 1 terms for 5104: ['2025-26 Term 2']
2025-11-01 00:00:20,584 - INFO - Scraping term 1/1: 2025-26 Term 2 for 5104
2025-11-01 00:00:20,608 - INFO - 'Show sections' button disabled for 2025-26 Term 2 - sections should already be visible
2025-11-01 00:00:20,639 - INFO - Getting enrollment details for section: --LEC (2772)
2025-11-01 00:00:20,972 - INFO - Extracted details for 5104: Credits=1.00, Terms=1
2025-11-01 00:00:21,973 - INFO - 📖 Getting details for course 5/40: 5105
2025-11-01 00:00:22,290 - INFO - Navigating to Course Outcome page for 5105
2025-11-01 00:00:22,534 - INFO - Course Outcome parsed for 5105
2025-11-01 00:00:22,534 - INFO - No term dropdown found for 5105, using current data
2025-11-01 00:00:23,555 - INFO - 📖 Getting details for course 6/40: 5106
2025-11-01 00:00:23,975 - INFO - Navigating to Course Outcome page for 5106
2025-11-01 00:00:24,238 - INFO - Course Outcome parsed for 5106
2025-11-01 00:00:24,239 - INFO - Found 1 terms for 5106: ['2025-26 Term 1']
2025-11-01 00:00:24,240 - INFO - Scraping term 1/1: 2025-26 Term 1 for 5106
2025-11-01 00:00:24,273 - INFO - 'Show sections' button disabled for 2025-26 Term 1 - sections should already be visible
2025-11-01 00:00:24,291 - INFO - Getting enrollment details for section: A-LEC (2029)
2025-11-01 00:00:24,627 - INFO - Getting enrollment details for section: C-LEC (4579)
2025-11-01 00:00:25,012 - INFO - Extracted details for 5106: Credits=3.00, Terms=1
2025-11-01 00:00:26,013 - INFO - 📖 Getting details for course 7/40: 5201
2025-11-01 00:00:27,829 - INFO - Navigating to Course Outcome page for 5201
2025-11-01 00:00:28,209 - INFO - Course Outcome parsed for 5201
2025-11-01 00:00:28,215 - INFO - No term dropdown found for 5201, using current data
2025-11-01 00:00:29,251 - INFO - 📖 Getting details for course 8/40: 5202
2025-11-01 00:00:29,692 - INFO - Navigating to Course Outcome page for 5202
2025-11-01 00:00:29,931 - INFO - Course Outcome parsed for 5202
2025-11-01 00:00:29,932 - INFO - Found 1 terms for 5202: ['2025-26 Term 1']
2025-11-01 00:00:29,932 - INFO - Scraping term 1/1: 2025-26 Term 1 for 5202
2025-11-01 00:00:29,958 - INFO - 'Show sections' button disabled for 2025-26 Term 1 - sections should already be visible
2025-11-01 00:00:29,984 - INFO - Getting enrollment details for section: --LEC (2893)
2025-11-01 00:00:30,257 - INFO - Extracted details for 5202: Credits=3.00, Terms=1
2025-11-01 00:00:31,258 - INFO - 📖 Getting details for course 9/40: 5203
2025-11-01 00:00:31,588 - INFO - Navigating to Course Outcome page for 5203
2025-11-01 00:00:31,827 - INFO - Course Outcome parsed for 5203
2025-11-01 00:00:31,827 - INFO - No term dropdown found for 5203, using current data
2025-11-01 00:00:32,838 - INFO - 📖 Getting details for course 10/40: 5204
2025-11-01 00:00:33,106 - INFO - Navigating to Course Outcome page for 5204
2025-11-01 00:00:33,347 - INFO - Course Outcome parsed for 5204
2025-11-01 00:00:33,348 - INFO - No term dropdown found for 5204, using current data
2025-11-01 00:00:34,359 - INFO - 📖 Getting details for course 11/40: 5205
2025-11-01 00:00:34,623 - INFO - Navigating to Course Outcome page for 5205
2025-11-01 00:00:34,871 - INFO - Course Outcome parsed for 5205
2025-11-01 00:00:34,889 - INFO - No term dropdown found for 5205, using current data
2025-11-01 00:00:35,911 - INFO - 📖 Getting details for course 12/40: 5206
2025-11-01 00:00:36,325 - INFO - Navigating to Course Outcome page for 5206
2025-11-01 00:00:36,582 - INFO - Course Outcome parsed for 5206
2025-11-01 00:00:36,584 - INFO - No term dropdown found for 5206, using current data
2025-11-01 00:00:37,604 - INFO - 📖 Getting details for course 13/40: 5207
2025-11-01 00:00:37,914 - INFO - Navigating to Course Outcome page for 5207
2025-11-01 00:00:38,192 - INFO - Course Outcome parsed for 5207
2025-11-01 00:00:38,194 - INFO - No term dropdown found for 5207, using current data
2025-11-01 00:00:39,236 - INFO - 📖 Getting details for course 14/40: 5208
2025-11-01 00:00:39,601 - INFO - Navigating to Course Outcome page for 5208
2025-11-01 00:00:39,831 - INFO - Course Outcome parsed for 5208
2025-11-01 00:00:39,833 - INFO - Found 1 terms for 5208: ['2025-26 Term 1']
2025-11-01 00:00:39,833 - INFO - Scraping term 1/1: 2025-26 Term 1 for 5208
2025-11-01 00:00:39,852 - INFO - 'Show sections' button disabled for 2025-26 Term 1 - sections should already be visible
2025-11-01 00:00:39,868 - INFO - Getting enrollment details for section: --LEC (2784)
2025-11-01 00:00:40,186 - INFO - Extracted details for 5208: Credits=1.50, Terms=1
2025-11-01 00:00:41,187 - INFO - 📖 Getting details for course 15/40: 5209
2025-11-01 00:00:41,480 - INFO - Navigating to Course Outcome page for 5209
2025-11-01 00:00:41,703 - INFO - Course Outcome parsed for 5209
2025-11-01 00:00:41,703 - INFO - Found 1 terms for 5209: ['2025-26 Term 1']
2025-11-01 00:00:41,704 - INFO - Scraping term 1/1: 2025-26 Term 1 for 5209
2025-11-01 00:00:41,718 - INFO - 'Show sections' button disabled for 2025-26 Term 1 - sections should already be visible
2025-11-01 00:00:41,733 - INFO - Getting enrollment details for section: --LEC (2785)
2025-11-01 00:00:41,987 - INFO - Extracted details for 5209: Credits=3.00, Terms=1
2025-11-01 00:00:42,988 - INFO - 📖 Getting details for course 16/40: 5210
2025-11-01 00:00:43,287 - INFO - Navigating to Course Outcome page for 5210
2025-11-01 00:00:43,518 - INFO - Course Outcome parsed for 5210
2025-11-01 00:00:43,519 - INFO - No term dropdown found for 5210, using current data
2025-11-01 00:00:44,531 - INFO - 📖 Getting details for course 17/40: 5211
2025-11-01 00:00:46,099 - INFO - Navigating to Course Outcome page for 5211
2025-11-01 00:00:46,350 - INFO - Course Outcome parsed for 5211
2025-11-01 00:00:46,350 - INFO - Found 1 terms for 5211: ['2025-26 Term 1']
2025-11-01 00:00:46,351 - INFO - Scraping term 1/1: 2025-26 Term 1 for 5211
2025-11-01 00:00:46,366 - INFO - 'Show sections' button disabled for 2025-26 Term 1 - sections should already be visible
2025-11-01 00:00:46,380 - INFO - Getting enrollment details for section: --LEC (2786)
2025-11-01 00:00:46,659 - INFO - Extracted details for 5211: Credits=1.00, Terms=1
2025-11-01 00:00:47,660 - INFO - 📖 Getting details for course 18/40: 5212
2025-11-01 00:00:47,956 - INFO - Navigating to Course Outcome page for 5212
2025-11-01 00:00:48,220 - INFO - Course Outcome parsed for 5212
2025-11-01 00:00:48,221 - INFO - Found 1 terms for 5212: ['2025-26 Term 2']
2025-11-01 00:00:48,221 - INFO - Scraping term 1/1: 2025-26 Term 2 for 5212
2025-11-01 00:00:48,235 - INFO - 'Show sections' button disabled for 2025-26 Term 2 - sections should already be visible
2025-11-01 00:00:48,246 - INFO - Getting enrollment details for section: --LEC (2773)
2025-11-01 00:00:48,538 - INFO - Extracted details for 5212: Credits=1.00, Terms=1
2025-11-01 00:00:49,540 - INFO - 📖 Getting details for course 19/40: 5220
2025-11-01 00:00:49,889 - INFO - Navigating to Course Outcome page for 5220
2025-11-01 00:00:50,119 - INFO - Course Outcome parsed for 5220
2025-11-01 00:00:50,119 - INFO - Found 1 terms for 5220: ['2025-26 Term 2']
2025-11-01 00:00:50,119 - INFO - Scraping term 1/1: 2025-26 Term 2 for 5220
2025-11-01 00:00:50,135 - INFO - 'Show sections' button disabled for 2025-26 Term 2 - sections should already be visible
2025-11-01 00:00:50,150 - INFO - Getting enrollment details for section: --LEC (2775)
2025-11-01 00:00:50,414 - INFO - Extracted details for 5220: Credits=2.00, Terms=1
2025-11-01 00:00:51,415 - INFO - 📖 Getting details for course 20/40: 5300
2025-11-01 00:00:51,714 - INFO - Navigating to Course Outcome page for 5300
2025-11-01 00:00:51,931 - INFO - Course Outcome parsed for 5300
2025-11-01 00:00:51,932 - INFO - No term dropdown found for 5300, using current data
2025-11-01 00:00:52,943 - INFO - 📖 Getting details for course 21/40: 5301
2025-11-01 00:00:53,234 - INFO - Navigating to Course Outcome page for 5301
2025-11-01 00:00:53,475 - INFO - Course Outcome parsed for 5301
2025-11-01 00:00:53,475 - INFO - No term dropdown found for 5301, using current data
2025-11-01 00:00:54,485 - INFO - 📖 Getting details for course 22/40: 5302
2025-11-01 00:00:54,805 - INFO - Navigating to Course Outcome page for 5302
2025-11-01 00:00:55,057 - INFO - Course Outcome parsed for 5302
2025-11-01 00:00:55,058 - INFO - No term dropdown found for 5302, using current data
2025-11-01 00:00:56,068 - INFO - 📖 Getting details for course 23/40: 5303
2025-11-01 00:00:56,381 - INFO - Navigating to Course Outcome page for 5303
2025-11-01 00:00:56,621 - INFO - Course Outcome parsed for 5303
2025-11-01 00:00:56,623 - INFO - Found 1 terms for 5303: ['2025-26 Term 1']
2025-11-01 00:00:56,623 - INFO - Scraping term 1/1: 2025-26 Term 1 for 5303
2025-11-01 00:00:56,635 - INFO - 'Show sections' button disabled for 2025-26 Term 1 - sections should already be visible
2025-11-01 00:00:56,650 - INFO - Getting enrollment details for section: -P01-PRA (4281)
2025-11-01 00:00:56,953 - INFO - Extracted details for 5303: Credits=2.00, Terms=1
2025-11-01 00:00:57,955 - INFO - 📖 Getting details for course 24/40: 5304
2025-11-01 00:00:58,242 - INFO - Navigating to Course Outcome page for 5304
2025-11-01 00:00:58,493 - INFO - Course Outcome parsed for 5304
2025-11-01 00:00:58,495 - INFO - Found 1 terms for 5304: ['2025-26 Summer Session']
2025-11-01 00:00:58,495 - INFO - Scraping term 1/1: 2025-26 Summer Session for 5304
2025-11-01 00:00:58,513 - INFO - 'Show sections' button disabled for 2025-26 Summer Session - sections should already be visible
2025-11-01 00:00:58,527 - INFO - Getting enrollment details for section: -P01-PRA (1128)
2025-11-01 00:00:58,773 - INFO - Extracted details for 5304: Credits=2.00, Terms=1
2025-11-01 00:00:59,775 - INFO - 📖 Getting details for course 25/40: 5305
2025-11-01 00:01:00,067 - INFO - Navigating to Course Outcome page for 5305
2025-11-01 00:01:00,331 - INFO - Course Outcome parsed for 5305
2025-11-01 00:01:00,331 - INFO - Found 1 terms for 5305: ['2025-26 Term 1']
2025-11-01 00:01:00,331 - INFO - Scraping term 1/1: 2025-26 Term 1 for 5305
2025-11-01 00:01:00,395 - INFO - 'Show sections' button disabled for 2025-26 Term 1 - sections should already be visible
2025-11-01 00:01:00,417 - INFO - Getting enrollment details for section: -P01-PRA (3839)
2025-11-01 00:01:00,697 - INFO - Extracted details for 5305: Credits=1.00, Terms=1
2025-11-01 00:01:01,698 - INFO - 📖 Getting details for course 26/40: 5306
2025-11-01 00:01:01,990 - INFO - Navigating to Course Outcome page for 5306
2025-11-01 00:01:02,240 - INFO - Course Outcome parsed for 5306
2025-11-01 00:01:02,240 - INFO - Found 1 terms for 5306: ['2025-26 Summer Session']
2025-11-01 00:01:02,240 - INFO - Scraping term 1/1: 2025-26 Summer Session for 5306
2025-11-01 00:01:02,254 - INFO - 'Show sections' button disabled for 2025-26 Summer Session - sections should already be visible
2025-11-01 00:01:02,265 - INFO - Getting enrollment details for section: -P01-PRA (1134)
2025-11-01 00:01:02,546 - INFO - Extracted details for 5306: Credits=1.00, Terms=1
2025-11-01 00:01:03,547 - INFO - 📖 Getting details for course 27/40: 5401
2025-11-01 00:01:03,970 - INFO - Navigating to Course Outcome page for 5401
2025-11-01 00:01:04,221 - INFO - Course Outcome parsed for 5401
2025-11-01 00:01:04,222 - INFO - No term dropdown found for 5401, using current data
2025-11-01 00:01:05,232 - INFO - 📖 Getting details for course 28/40: 5402
2025-11-01 00:01:05,505 - INFO - Navigating to Course Outcome page for 5402
2025-11-01 00:01:05,721 - INFO - Course Outcome parsed for 5402
2025-11-01 00:01:05,722 - INFO - No term dropdown found for 5402, using current data
2025-11-01 00:01:06,732 - INFO - 📖 Getting details for course 29/40: 5403
2025-11-01 00:01:07,021 - INFO - Navigating to Course Outcome page for 5403
2025-11-01 00:01:07,258 - INFO - Course Outcome parsed for 5403
2025-11-01 00:01:07,259 - INFO - No term dropdown found for 5403, using current data
2025-11-01 00:01:08,269 - INFO - 📖 Getting details for course 30/40: 5500
2025-11-01 00:01:08,560 - INFO - Navigating to Course Outcome page for 5500
2025-11-01 00:01:08,793 - INFO - Course Outcome parsed for 5500
2025-11-01 00:01:08,795 - INFO - Found 1 terms for 5500: ['2025-26 Summer Session']
2025-11-01 00:01:08,795 - INFO - Scraping term 1/1: 2025-26 Summer Session for 5500
2025-11-01 00:01:08,807 - INFO - 'Show sections' button disabled for 2025-26 Summer Session - sections should already be visible
2025-11-01 00:01:08,818 - INFO - Getting enrollment details for section: -J01-PRJ (1039)
2025-11-01 00:01:09,099 - INFO - Extracted details for 5500: Credits=6.00, Terms=1
2025-11-01 00:01:10,100 - INFO - 📖 Getting details for course 31/40: 5501
2025-11-01 00:01:10,385 - INFO - Navigating to Course Outcome page for 5501
2025-11-01 00:01:10,629 - INFO - Course Outcome parsed for 5501
2025-11-01 00:01:10,630 - INFO - No term dropdown found for 5501, using current data
2025-11-01 00:01:11,639 - INFO - 📖 Getting details for course 32/40: 5502
2025-11-01 00:01:11,961 - INFO - Navigating to Course Outcome page for 5502
2025-11-01 00:01:12,177 - INFO - Course Outcome parsed for 5502
2025-11-01 00:01:12,178 - INFO - No term dropdown found for 5502, using current data
2025-11-01 00:01:13,187 - INFO - 📖 Getting details for course 33/40: 5601
2025-11-01 00:01:13,492 - INFO - Navigating to Course Outcome page for 5601
2025-11-01 00:01:13,719 - INFO - Course Outcome parsed for 5601
2025-11-01 00:01:13,720 - INFO - Found 1 terms for 5601: ['2025-26 Term 2']
2025-11-01 00:01:13,720 - INFO - Scraping term 1/1: 2025-26 Term 2 for 5601
2025-11-01 00:01:13,733 - INFO - 'Show sections' button disabled for 2025-26 Term 2 - sections should already be visible
2025-11-01 00:01:13,747 - INFO - Getting enrollment details for section: --LEC (4462)
2025-11-01 00:01:14,037 - INFO - Extracted details for 5601: Credits=3.00, Terms=1
2025-11-01 00:01:15,038 - INFO - 📖 Getting details for course 34/40: 5602
2025-11-01 00:01:15,367 - INFO - Navigating to Course Outcome page for 5602
2025-11-01 00:01:15,617 - INFO - Course Outcome parsed for 5602
2025-11-01 00:01:15,617 - INFO - Found 1 terms for 5602: ['2025-26 Term 2']
2025-11-01 00:01:15,618 - INFO - Scraping term 1/1: 2025-26 Term 2 for 5602
2025-11-01 00:01:15,632 - INFO - 'Show sections' button disabled for 2025-26 Term 2 - sections should already be visible
2025-11-01 00:01:15,649 - INFO - Getting enrollment details for section: A-LEC (4528)
2025-11-01 00:01:15,925 - INFO - Getting enrollment details for section: B-LEC (2055)
2025-11-01 00:01:16,238 - INFO - Getting enrollment details for section: C-LEC (2044)
2025-11-01 00:01:16,522 - INFO - Extracted details for 5602: Credits=3.00, Terms=1
2025-11-01 00:01:16,533 - INFO - 💾 Progress saved: SLPA - 34/40 courses completed
2025-11-01 00:01:17,533 - INFO - 📖 Getting details for course 35/40: 5603
2025-11-01 00:01:18,346 - INFO - Navigating to Course Outcome page for 5603
2025-11-01 00:01:18,563 - INFO - Course Outcome parsed for 5603
2025-11-01 00:01:18,563 - INFO - Found 1 terms for 5603: ['2025-26 Term 2']
2025-11-01 00:01:18,564 - INFO - Scraping term 1/1: 2025-26 Term 2 for 5603
2025-11-01 00:01:18,578 - INFO - 'Show sections' button disabled for 2025-26 Term 2 - sections should already be visible
2025-11-01 00:01:18,592 - INFO - Getting enrollment details for section: --LEC (2872)
2025-11-01 00:01:18,858 - INFO - Extracted details for 5603: Credits=3.00, Terms=1
2025-11-01 00:01:19,859 - INFO - 📖 Getting details for course 36/40: 5604
2025-11-01 00:01:20,128 - INFO - Navigating to Course Outcome page for 5604
2025-11-01 00:01:20,386 - INFO - Course Outcome parsed for 5604
2025-11-01 00:01:20,387 - INFO - No term dropdown found for 5604, using current data
2025-11-01 00:01:21,400 - INFO - 📖 Getting details for course 37/40: 5605
2025-11-01 00:01:21,701 - INFO - Navigating to Course Outcome page for 5605
2025-11-01 00:01:21,966 - INFO - Course Outcome parsed for 5605
2025-11-01 00:01:21,967 - INFO - No term dropdown found for 5605, using current data
2025-11-01 00:01:22,977 - INFO - 📖 Getting details for course 38/40: 5606
2025-11-01 00:01:23,258 - INFO - Navigating to Course Outcome page for 5606
2025-11-01 00:01:23,492 - INFO - Course Outcome parsed for 5606
2025-11-01 00:01:23,493 - INFO - No term dropdown found for 5606, using current data
2025-11-01 00:01:24,502 - INFO - 📖 Getting details for course 39/40: 5607
2025-11-01 00:01:24,786 - INFO - Navigating to Course Outcome page for 5607
2025-11-01 00:01:25,006 - INFO - Course Outcome parsed for 5607
2025-11-01 00:01:25,006 - INFO - No term dropdown found for 5607, using current data
2025-11-01 00:01:26,016 - INFO - 📖 Getting details for course 40/40: 5608
2025-11-01 00:01:26,293 - INFO - Navigating to Course Outcome page for 5608
2025-11-01 00:01:26,677 - INFO - Course Outcome parsed for 5608
2025-11-01 00:01:26,678 - INFO - No term dropdown found for 5608, using current data
2025-11-01 00:01:26,686 - INFO - 🔍 SLPA: Found 40 courses
2025-11-01 00:01:26,692 - INFO - 💾 SAVED SLPA → data/SLPA.json
2025-11-01 00:01:26,700 - INFO - ✅ Completed SLPA: 40 courses in 1.2 minutes
2025-11-01 00:01:26,700 - INFO - ✅ SLPA completed: 40 courses in 1.2min → data/SLPA.json
2025-11-01 00:01:26,722 - INFO - ✅ All course outcomes scraped successfully
2025-11-01 00:01:26,722 - INFO - 🎉 SCRAPING COMPLETED!
2025-11-01 00:01:26,722 - INFO - ✅ Completed: 1 subjects
2025-11-01 00:01:26,723 - INFO - ❌ Failed: 0 subjects
