2026-02-05 18:25:43,051 - INFO - 📝 File logging initialized: logs/scraper_20260205_182543.log
2026-02-05 18:25:43,066 - INFO - 🛡️  Starting scraping for 1 subjects
2026-02-05 18:25:43,066 - INFO - 📁 Saving to: data/
2026-02-05 18:25:43,066 - INFO - 💾 Mode: Memory-safe with immediate saves
2026-02-05 18:25:43,066 - INFO - 📋 Fetching subject titles from live website...
2026-02-05 18:25:43,582 - INFO - 📋 Found 263 subjects with titles from live site
2026-02-05 18:25:43,583 - INFO - ✅ Cached 263 subject titles for metadata
2026-02-05 18:25:43,583 - INFO - Preserved data for 264 existing subjects
2026-02-05 18:25:43,583 - INFO - 📊 Progress tracking enabled: logs/summary/scraping_progress.json
2026-02-05 18:25:43,583 - INFO - 🔄 Processing PHED (1/1)
2026-02-05 18:25:43,583 - INFO - 📋 Scraping PHED, attempt 1
2026-02-05 18:25:44,050 - INFO - 🔤 OCR produced: HUET (awaiting server validation)
2026-02-05 18:25:44,760 - INFO - ✅ Captcha accepted for PHED: has_courses
2026-02-05 18:25:44,773 - INFO - Parsed 81 courses from results table
2026-02-05 18:25:44,775 - INFO - 🚀 Started scraping PHED
2026-02-05 18:25:44,775 - INFO - Getting details for all 81 courses...
2026-02-05 18:25:44,775 - INFO - 📖 Getting details for course 1/81: 1010
2026-02-05 18:25:45,456 - INFO - Navigating to Course Outcome page for 1010
2026-02-05 18:25:45,979 - INFO - Course Outcome parsed for 1010
2026-02-05 18:25:45,979 - INFO - Found 1 terms for 1010: ['2025-26 Term 1']
2026-02-05 18:25:45,979 - INFO - Scraping term 1/1: 2025-26 Term 1 for 1010
2026-02-05 18:25:45,983 - INFO - 'Show sections' button disabled for 2025-26 Term 1 - sections should already be visible
2026-02-05 18:25:45,987 - INFO - Getting enrollment details for section: --LEC (8433)
2026-02-05 18:25:46,525 - INFO - Extracted details for 1010: Credits=1.00, Terms=1
2026-02-05 18:25:47,530 - INFO - 📖 Getting details for course 2/81: 1011
2026-02-05 18:25:47,999 - INFO - Navigating to Course Outcome page for 1011
2026-02-05 18:25:48,531 - INFO - Course Outcome parsed for 1011
2026-02-05 18:25:48,531 - INFO - No term dropdown found for 1011, using current data
2026-02-05 18:25:49,539 - INFO - 📖 Getting details for course 3/81: 1012
2026-02-05 18:25:50,107 - INFO - Navigating to Course Outcome page for 1012
2026-02-05 18:25:50,628 - INFO - Course Outcome parsed for 1012
2026-02-05 18:25:50,628 - INFO - Found 2 terms for 1012: ['2025-26 Term 1', '2025-26 Term 2']
2026-02-05 18:25:50,629 - INFO - Scraping term 1/2: 2025-26 Term 1 for 1012
2026-02-05 18:25:50,633 - INFO - Clicking 'Show sections' for 2025-26 Term 1
2026-02-05 18:25:50,931 - INFO - Getting enrollment details for section: A-LEC (8403)
2026-02-05 18:25:52,678 - INFO - Scraping term 2/2: 2025-26 Term 2 for 1012
2026-02-05 18:25:52,689 - INFO - Switching to 2025-26 Term 2 for 1012
2026-02-05 18:25:53,133 - INFO - Clicking 'Show sections' for 2025-26 Term 2
2026-02-05 18:25:53,574 - INFO - Getting enrollment details for section: A-LEC (8151)
2026-02-05 18:25:54,387 - INFO - Extracted details for 1012: Credits=1.00, Terms=2
2026-02-05 18:25:55,393 - INFO - 📖 Getting details for course 4/81: 1015
2026-02-05 18:25:55,936 - INFO - Navigating to Course Outcome page for 1015
2026-02-05 18:25:56,394 - INFO - Course Outcome parsed for 1015
2026-02-05 18:25:56,394 - INFO - Found 1 terms for 1015: ['2025-26 Term 1']
2026-02-05 18:25:56,394 - INFO - Scraping term 1/1: 2025-26 Term 1 for 1015
2026-02-05 18:25:56,410 - INFO - 'Show sections' button disabled for 2025-26 Term 1 - sections should already be visible
2026-02-05 18:25:56,416 - INFO - Getting enrollment details for section: A-LEC (8165)
2026-02-05 18:25:56,923 - INFO - Getting enrollment details for section: B-LEC (8404)
2026-02-05 18:25:57,495 - INFO - Getting enrollment details for section: C-LEC (8079)
2026-02-05 18:25:58,084 - INFO - Getting enrollment details for section: D-LEC (6412)
2026-02-05 18:25:58,601 - INFO - Getting enrollment details for section: E-LEC (6413)
2026-02-05 18:25:59,106 - INFO - Extracted details for 1015: Credits=1.00, Terms=1
2026-02-05 18:26:00,111 - INFO - 📖 Getting details for course 5/81: 1016
2026-02-05 18:26:00,634 - INFO - Navigating to Course Outcome page for 1016
2026-02-05 18:26:01,115 - INFO - Course Outcome parsed for 1016
2026-02-05 18:26:01,116 - INFO - Found 1 terms for 1016: ['2025-26 Term 1']
2026-02-05 18:26:01,116 - INFO - Scraping term 1/1: 2025-26 Term 1 for 1016
2026-02-05 18:26:01,122 - INFO - 'Show sections' button disabled for 2025-26 Term 1 - sections should already be visible
2026-02-05 18:26:01,128 - INFO - Getting enrollment details for section: A-LEC (8274)
2026-02-05 18:26:01,632 - INFO - Getting enrollment details for section: B-LEC (8412)
2026-02-05 18:26:02,158 - INFO - Getting enrollment details for section: C-LEC (8275)
2026-02-05 18:26:02,679 - INFO - Getting enrollment details for section: D-LEC (8293)
2026-02-05 18:26:03,208 - INFO - Extracted details for 1016: Credits=1.00, Terms=1
2026-02-05 18:26:04,213 - INFO - 📖 Getting details for course 6/81: 1017
2026-02-05 18:26:05,316 - INFO - Navigating to Course Outcome page for 1017
2026-02-05 18:26:05,854 - INFO - Course Outcome parsed for 1017
2026-02-05 18:26:05,854 - INFO - Found 2 terms for 1017: ['2025-26 Term 1', '2025-26 Term 2']
2026-02-05 18:26:05,854 - INFO - Scraping term 1/2: 2025-26 Term 1 for 1017
2026-02-05 18:26:05,864 - INFO - Clicking 'Show sections' for 2025-26 Term 1
2026-02-05 18:26:06,155 - INFO - Getting enrollment details for section: A-LEC (8336)
2026-02-05 18:26:06,569 - INFO - Getting enrollment details for section: B-LEC (8430)
2026-02-05 18:26:07,046 - INFO - Getting enrollment details for section: C-LEC (8390)
2026-02-05 18:26:07,546 - INFO - Getting enrollment details for section: D-LEC (8269)
2026-02-05 18:26:08,099 - INFO - Getting enrollment details for section: E-LEC (8450)
2026-02-05 18:26:08,636 - INFO - Getting enrollment details for section: F-LEC (8411)
2026-02-05 18:26:09,176 - INFO - Getting enrollment details for section: G-LEC (8054)
2026-02-05 18:26:09,705 - INFO - Getting enrollment details for section: H-LEC (6414)
2026-02-05 18:26:10,220 - INFO - Getting enrollment details for section: J-LEC (8432)
2026-02-05 18:26:10,710 - INFO - Getting enrollment details for section: K-LEC (8232)
2026-02-05 18:26:11,198 - INFO - Getting enrollment details for section: L-LEC (8294)
2026-02-05 18:26:11,743 - INFO - Getting enrollment details for section: N-LEC (8338)
2026-02-05 18:26:12,235 - INFO - Getting enrollment details for section: P-LEC (9807)
2026-02-05 18:26:13,737 - INFO - Scraping term 2/2: 2025-26 Term 2 for 1017
2026-02-05 18:26:13,754 - INFO - Switching to 2025-26 Term 2 for 1017
2026-02-05 18:26:14,030 - INFO - Clicking 'Show sections' for 2025-26 Term 2
2026-02-05 18:26:14,317 - INFO - Getting enrollment details for section: A-LEC (8131)
2026-02-05 18:26:14,799 - INFO - Getting enrollment details for section: B-LEC (8160)
2026-02-05 18:26:15,365 - INFO - Getting enrollment details for section: C-LEC (8185)
2026-02-05 18:26:15,867 - INFO - Getting enrollment details for section: D-LEC (8061)
2026-02-05 18:26:16,359 - INFO - Getting enrollment details for section: E-LEC (8176)
2026-02-05 18:26:16,846 - INFO - Getting enrollment details for section: F-LEC (7931)
2026-02-05 18:26:17,362 - INFO - Getting enrollment details for section: G-LEC (7971)
2026-02-05 18:26:17,889 - INFO - Getting enrollment details for section: H-LEC (6445)
2026-02-05 18:26:18,425 - INFO - Getting enrollment details for section: J-LEC (6459)
2026-02-05 18:26:18,954 - INFO - Getting enrollment details for section: K-LEC (8166)
2026-02-05 18:26:19,489 - INFO - Getting enrollment details for section: L-LEC (8076)
2026-02-05 18:26:20,045 - INFO - Getting enrollment details for section: N-LEC (8078)
2026-02-05 18:26:20,591 - INFO - Getting enrollment details for section: P-LEC (8063)
2026-02-05 18:26:21,187 - INFO - Extracted details for 1017: Credits=1.00, Terms=2
2026-02-05 18:26:22,189 - INFO - 📖 Getting details for course 7/81: 1018
2026-02-05 18:26:22,892 - INFO - Navigating to Course Outcome page for 1018
2026-02-05 18:26:23,340 - INFO - Course Outcome parsed for 1018
2026-02-05 18:26:23,340 - INFO - Found 2 terms for 1018: ['2025-26 Term 1', '2025-26 Term 2']
2026-02-05 18:26:23,340 - INFO - Scraping term 1/2: 2025-26 Term 1 for 1018
2026-02-05 18:26:23,349 - INFO - Clicking 'Show sections' for 2025-26 Term 1
2026-02-05 18:26:23,663 - INFO - Getting enrollment details for section: A-LEC (8292)
2026-02-05 18:26:24,173 - INFO - Getting enrollment details for section: B-LEC (8290)
2026-02-05 18:26:24,801 - INFO - Getting enrollment details for section: C-LEC (8444)
2026-02-05 18:26:25,315 - INFO - Getting enrollment details for section: D-LEC (8288)
2026-02-05 18:26:25,827 - INFO - Getting enrollment details for section: E-LEC (8318)
2026-02-05 18:26:26,356 - INFO - Getting enrollment details for section: F-LEC (8278)
2026-02-05 18:26:26,842 - INFO - Getting enrollment details for section: G-LEC (8414)
2026-02-05 18:26:27,327 - INFO - Getting enrollment details for section: H-LEC (8291)
2026-02-05 18:26:27,907 - INFO - Getting enrollment details for section: J-LEC (8351)
2026-02-05 18:26:28,390 - INFO - Getting enrollment details for section: K-LEC (8306)
2026-02-05 18:26:28,900 - INFO - Getting enrollment details for section: L-LEC (9806)
2026-02-05 18:26:29,425 - INFO - Getting enrollment details for section: M-LEC (8295)
2026-02-05 18:26:30,951 - INFO - Scraping term 2/2: 2025-26 Term 2 for 1018
2026-02-05 18:26:30,967 - INFO - Switching to 2025-26 Term 2 for 1018
2026-02-05 18:26:31,244 - INFO - Clicking 'Show sections' for 2025-26 Term 2
2026-02-05 18:26:31,529 - INFO - Getting enrollment details for section: A-LEC (8186)
2026-02-05 18:26:32,041 - INFO - Getting enrollment details for section: B-LEC (8187)
2026-02-05 18:26:32,647 - INFO - Getting enrollment details for section: C-LEC (8188)
2026-02-05 18:26:33,150 - INFO - Getting enrollment details for section: D-LEC (8189)
2026-02-05 18:26:33,649 - INFO - Getting enrollment details for section: E-LEC (8190)
2026-02-05 18:26:34,168 - INFO - Getting enrollment details for section: F-LEC (8097)
2026-02-05 18:26:34,699 - INFO - Getting enrollment details for section: G-LEC (8053)
2026-02-05 18:26:35,196 - INFO - Getting enrollment details for section: H-LEC (8054)
2026-02-05 18:26:35,715 - INFO - Getting enrollment details for section: J-LEC (8175)
2026-02-05 18:26:36,322 - INFO - Getting enrollment details for section: K-LEC (8174)
2026-02-05 18:26:36,785 - INFO - Getting enrollment details for section: L-LEC (6436)
2026-02-05 18:26:37,288 - INFO - Extracted details for 1018: Credits=1.00, Terms=2
2026-02-05 18:26:38,291 - INFO - 📖 Getting details for course 8/81: 1020
2026-02-05 18:26:38,752 - INFO - Navigating to Course Outcome page for 1020
2026-02-05 18:26:39,261 - INFO - Course Outcome parsed for 1020
2026-02-05 18:26:39,261 - INFO - No term dropdown found for 1020, using current data
2026-02-05 18:26:40,268 - INFO - 📖 Getting details for course 9/81: 1021
2026-02-05 18:26:40,963 - INFO - Navigating to Course Outcome page for 1021
2026-02-05 18:26:41,338 - INFO - Course Outcome parsed for 1021
2026-02-05 18:26:41,338 - INFO - Found 2 terms for 1021: ['2025-26 Term 1', '2025-26 Term 2']
2026-02-05 18:26:41,338 - INFO - Scraping term 1/2: 2025-26 Term 1 for 1021
2026-02-05 18:26:41,344 - INFO - Clicking 'Show sections' for 2025-26 Term 1
2026-02-05 18:26:41,597 - INFO - Getting enrollment details for section: A-LEC (8307)
2026-02-05 18:26:42,125 - INFO - Getting enrollment details for section: B-LEC (8355)
2026-02-05 18:26:42,602 - INFO - Getting enrollment details for section: C-LEC (8312)
2026-02-05 18:26:43,129 - INFO - Getting enrollment details for section: D-LEC (8308)
2026-02-05 18:26:43,595 - INFO - Getting enrollment details for section: E-LEC (8083)
2026-02-05 18:26:44,096 - INFO - Getting enrollment details for section: F-LEC (8396)
2026-02-05 18:26:44,625 - INFO - Getting enrollment details for section: G-LEC (8093)
2026-02-05 18:26:45,154 - INFO - Getting enrollment details for section: H-LEC (6402)
2026-02-05 18:26:45,672 - INFO - Getting enrollment details for section: J-LEC (8388)
2026-02-05 18:26:47,199 - INFO - Scraping term 2/2: 2025-26 Term 2 for 1021
2026-02-05 18:26:47,213 - INFO - Switching to 2025-26 Term 2 for 1021
2026-02-05 18:26:47,542 - INFO - Clicking 'Show sections' for 2025-26 Term 2
2026-02-05 18:26:47,803 - INFO - Getting enrollment details for section: A-LEC (7878)
2026-02-05 18:26:48,310 - INFO - Getting enrollment details for section: B-LEC (8143)
2026-02-05 18:26:48,816 - INFO - Getting enrollment details for section: C-LEC (7932)
2026-02-05 18:26:49,339 - INFO - Getting enrollment details for section: D-LEC (7933)
2026-02-05 18:26:49,860 - INFO - Getting enrollment details for section: E-LEC (7934)
2026-02-05 18:26:50,387 - INFO - Getting enrollment details for section: F-LEC (7935)
2026-02-05 18:26:50,914 - INFO - Getting enrollment details for section: G-LEC (7894)
2026-02-05 18:26:51,331 - INFO - Getting enrollment details for section: H-LEC (7936)
2026-02-05 18:26:51,830 - INFO - Extracted details for 1021: Credits=1.00, Terms=2
2026-02-05 18:26:51,832 - INFO - 💾 Progress saved: PHED - 9/81 courses completed
2026-02-05 18:26:52,837 - INFO - 📖 Getting details for course 10/81: 1022
2026-02-05 18:26:53,450 - INFO - Navigating to Course Outcome page for 1022
2026-02-05 18:26:53,938 - INFO - Course Outcome parsed for 1022
2026-02-05 18:26:53,939 - INFO - Found 2 terms for 1022: ['2025-26 Term 1', '2025-26 Term 2']
2026-02-05 18:26:53,939 - INFO - Scraping term 1/2: 2025-26 Term 1 for 1022
2026-02-05 18:26:53,945 - INFO - Clicking 'Show sections' for 2025-26 Term 1
2026-02-05 18:26:54,199 - INFO - Getting enrollment details for section: A-LEC (8397)
2026-02-05 18:26:54,675 - INFO - Getting enrollment details for section: B-LEC (8317)
2026-02-05 18:26:55,172 - INFO - Getting enrollment details for section: C-LEC (8179)
2026-02-05 18:26:55,678 - INFO - Getting enrollment details for section: D-LEC (8326)
2026-02-05 18:26:56,210 - INFO - Getting enrollment details for section: E-LEC (8347)
2026-02-05 18:26:56,735 - INFO - Getting enrollment details for section: F-LEC (8186)
2026-02-05 18:26:57,229 - INFO - Getting enrollment details for section: G-LEC (8314)
2026-02-05 18:26:57,730 - INFO - Getting enrollment details for section: H-LEC (8167)
2026-02-05 18:26:59,172 - INFO - Scraping term 2/2: 2025-26 Term 2 for 1022
2026-02-05 18:26:59,178 - INFO - Switching to 2025-26 Term 2 for 1022
2026-02-05 18:26:59,426 - INFO - Clicking 'Show sections' for 2025-26 Term 2
2026-02-05 18:26:59,678 - INFO - Getting enrollment details for section: A-LEC (7946)
2026-02-05 18:27:00,217 - INFO - Getting enrollment details for section: B-LEC (7947)
2026-02-05 18:27:00,692 - INFO - Getting enrollment details for section: C-LEC (7972)
2026-02-05 18:27:01,201 - INFO - Getting enrollment details for section: D-LEC (7948)
2026-02-05 18:27:01,707 - INFO - Getting enrollment details for section: E-LEC (7949)
2026-02-05 18:27:02,265 - INFO - Getting enrollment details for section: F-LEC (7950)
2026-02-05 18:27:02,840 - INFO - Getting enrollment details for section: G-LEC (7951)
2026-02-05 18:27:03,332 - INFO - Getting enrollment details for section: H-LEC (7895)
2026-02-05 18:27:03,812 - INFO - Getting enrollment details for section: J-LEC (8083)
2026-02-05 18:27:04,311 - INFO - Extracted details for 1022: Credits=1.00, Terms=2
2026-02-05 18:27:05,315 - INFO - 📖 Getting details for course 11/81: 1023
2026-02-05 18:27:05,815 - INFO - Navigating to Course Outcome page for 1023
2026-02-05 18:27:06,211 - INFO - Course Outcome parsed for 1023
2026-02-05 18:27:06,211 - INFO - Found 2 terms for 1023: ['2025-26 Term 1', '2025-26 Term 2']
2026-02-05 18:27:06,211 - INFO - Scraping term 1/2: 2025-26 Term 1 for 1023
2026-02-05 18:27:06,216 - INFO - Clicking 'Show sections' for 2025-26 Term 1
2026-02-05 18:27:06,445 - INFO - Getting enrollment details for section: A-LEC (8324)
2026-02-05 18:27:06,895 - INFO - Getting enrollment details for section: B-LEC (8157)
2026-02-05 18:27:07,375 - INFO - Getting enrollment details for section: C-LEC (8180)
2026-02-05 18:27:07,789 - INFO - Getting enrollment details for section: D-LEC (8335)
2026-02-05 18:27:09,291 - INFO - Scraping term 2/2: 2025-26 Term 2 for 1023
2026-02-05 18:27:09,298 - INFO - Switching to 2025-26 Term 2 for 1023
2026-02-05 18:27:09,532 - INFO - Clicking 'Show sections' for 2025-26 Term 2
2026-02-05 18:27:09,790 - INFO - Getting enrollment details for section: A-LEC (7952)
2026-02-05 18:27:10,371 - INFO - Getting enrollment details for section: B-LEC (7953)
2026-02-05 18:27:10,835 - INFO - Getting enrollment details for section: C-LEC (7961)
2026-02-05 18:27:11,365 - INFO - Getting enrollment details for section: D-LEC (7962)
2026-02-05 18:27:11,941 - INFO - Extracted details for 1023: Credits=1.00, Terms=2
2026-02-05 18:27:12,946 - INFO - 📖 Getting details for course 12/81: 1024
2026-02-05 18:27:13,554 - INFO - Navigating to Course Outcome page for 1024
2026-02-05 18:27:14,000 - INFO - Course Outcome parsed for 1024
2026-02-05 18:27:14,000 - INFO - Found 2 terms for 1024: ['2025-26 Term 1', '2025-26 Term 2']
2026-02-05 18:27:14,000 - INFO - Scraping term 1/2: 2025-26 Term 1 for 1024
2026-02-05 18:27:14,006 - INFO - Clicking 'Show sections' for 2025-26 Term 1
2026-02-05 18:27:14,344 - INFO - Getting enrollment details for section: A-LEC (8313)
2026-02-05 18:27:14,825 - INFO - Getting enrollment details for section: B-LEC (8315)
2026-02-05 18:27:15,402 - INFO - Getting enrollment details for section: C-LEC (8345)
2026-02-05 18:27:15,904 - INFO - Getting enrollment details for section: D-LEC (8160)
2026-02-05 18:27:16,495 - INFO - Getting enrollment details for section: E-LEC (8340)
2026-02-05 18:27:16,951 - INFO - Getting enrollment details for section: F-LEC (8339)
2026-02-05 18:27:18,434 - INFO - Scraping term 2/2: 2025-26 Term 2 for 1024
2026-02-05 18:27:18,443 - INFO - Switching to 2025-26 Term 2 for 1024
2026-02-05 18:27:18,687 - INFO - Clicking 'Show sections' for 2025-26 Term 2
2026-02-05 18:27:18,931 - INFO - Getting enrollment details for section: A-LEC (7986)
2026-02-05 18:27:19,483 - INFO - Getting enrollment details for section: B-LEC (7963)
2026-02-05 18:27:19,944 - INFO - Getting enrollment details for section: C-LEC (7964)
2026-02-05 18:27:20,407 - INFO - Getting enrollment details for section: D-LEC (7965)
2026-02-05 18:27:20,932 - INFO - Getting enrollment details for section: E-LEC (8084)
2026-02-05 18:27:21,457 - INFO - Getting enrollment details for section: F-LEC (8085)
2026-02-05 18:27:21,984 - INFO - Extracted details for 1024: Credits=1.00, Terms=2
2026-02-05 18:27:22,988 - INFO - 📖 Getting details for course 13/81: 1025
2026-02-05 18:27:23,564 - INFO - Navigating to Course Outcome page for 1025
2026-02-05 18:27:24,101 - INFO - Course Outcome parsed for 1025
2026-02-05 18:27:24,101 - INFO - Found 2 terms for 1025: ['2025-26 Term 1', '2025-26 Term 2']
2026-02-05 18:27:24,101 - INFO - Scraping term 1/2: 2025-26 Term 1 for 1025
2026-02-05 18:27:24,106 - INFO - Clicking 'Show sections' for 2025-26 Term 1
2026-02-05 18:27:24,350 - INFO - Getting enrollment details for section: A-LEC (8334)
2026-02-05 18:27:24,810 - INFO - Getting enrollment details for section: B-LEC (8289)
2026-02-05 18:27:25,263 - INFO - Getting enrollment details for section: C-LEC (8115)
2026-02-05 18:27:25,712 - INFO - Getting enrollment details for section: D-LEC (8193)
2026-02-05 18:27:26,264 - INFO - Getting enrollment details for section: E-LEC (8166)
2026-02-05 18:27:27,709 - INFO - Scraping term 2/2: 2025-26 Term 2 for 1025
2026-02-05 18:27:27,722 - INFO - Switching to 2025-26 Term 2 for 1025
2026-02-05 18:27:27,968 - INFO - Clicking 'Show sections' for 2025-26 Term 2
2026-02-05 18:27:28,277 - INFO - Getting enrollment details for section: A-LEC (8196)
2026-02-05 18:27:28,796 - INFO - Getting enrollment details for section: B-LEC (7966)
2026-02-05 18:27:29,317 - INFO - Getting enrollment details for section: C-LEC (8152)
2026-02-05 18:27:29,838 - INFO - Getting enrollment details for section: D-LEC (7967)
2026-02-05 18:27:30,364 - INFO - Getting enrollment details for section: E-LEC (8173)
2026-02-05 18:27:30,885 - INFO - Extracted details for 1025: Credits=1.00, Terms=2
2026-02-05 18:27:31,890 - INFO - 📖 Getting details for course 14/81: 1026
2026-02-05 18:27:32,486 - INFO - Navigating to Course Outcome page for 1026
2026-02-05 18:27:32,890 - INFO - Course Outcome parsed for 1026
2026-02-05 18:27:32,890 - INFO - Found 2 terms for 1026: ['2025-26 Term 1', '2025-26 Term 2']
2026-02-05 18:27:32,890 - INFO - Scraping term 1/2: 2025-26 Term 1 for 1026
2026-02-05 18:27:32,895 - INFO - Clicking 'Show sections' for 2025-26 Term 1
2026-02-05 18:27:33,205 - INFO - Getting enrollment details for section: A-LEC (8452)
2026-02-05 18:27:33,666 - INFO - Getting enrollment details for section: B-LEC (8451)
2026-02-05 18:27:34,093 - INFO - Getting enrollment details for section: C-LEC (8319)
2026-02-05 18:27:34,562 - INFO - Getting enrollment details for section: D-LEC (8201)
2026-02-05 18:27:35,981 - INFO - Scraping term 2/2: 2025-26 Term 2 for 1026
2026-02-05 18:27:35,996 - INFO - Switching to 2025-26 Term 2 for 1026
2026-02-05 18:27:36,239 - INFO - Clicking 'Show sections' for 2025-26 Term 2
2026-02-05 18:27:36,484 - INFO - Getting enrollment details for section: A-LEC (7980)
2026-02-05 18:27:36,941 - INFO - Getting enrollment details for section: B-LEC (7981)
2026-02-05 18:27:37,360 - INFO - Getting enrollment details for section: C-LEC (7982)
2026-02-05 18:27:37,873 - INFO - Getting enrollment details for section: D-LEC (8197)
2026-02-05 18:27:38,260 - INFO - Getting enrollment details for section: E-LEC (8162)
2026-02-05 18:27:38,761 - INFO - Extracted details for 1026: Credits=1.00, Terms=2
2026-02-05 18:27:39,766 - INFO - 📖 Getting details for course 15/81: 1027
2026-02-05 18:27:40,388 - INFO - Navigating to Course Outcome page for 1027
2026-02-05 18:27:40,866 - INFO - Course Outcome parsed for 1027
2026-02-05 18:27:40,866 - INFO - Found 2 terms for 1027: ['2025-26 Term 1', '2025-26 Term 2']
2026-02-05 18:27:40,866 - INFO - Scraping term 1/2: 2025-26 Term 1 for 1027
2026-02-05 18:27:40,873 - INFO - Clicking 'Show sections' for 2025-26 Term 1
2026-02-05 18:27:41,123 - INFO - Getting enrollment details for section: A-LEC (8448)
2026-02-05 18:27:41,617 - INFO - Getting enrollment details for section: B-LEC (8447)
2026-02-05 18:27:42,076 - INFO - Getting enrollment details for section: C-LEC (8449)
2026-02-05 18:27:42,514 - INFO - Getting enrollment details for section: D-LEC (6403)
2026-02-05 18:27:43,029 - INFO - Getting enrollment details for section: E-LEC (6404)
2026-02-05 18:27:43,526 - INFO - Getting enrollment details for section: F-LEC (8415)
2026-02-05 18:27:44,002 - INFO - Getting enrollment details for section: G-LEC (8356)
2026-02-05 18:27:45,415 - INFO - Scraping term 2/2: 2025-26 Term 2 for 1027
2026-02-05 18:27:45,428 - INFO - Switching to 2025-26 Term 2 for 1027
2026-02-05 18:27:45,680 - INFO - Clicking 'Show sections' for 2025-26 Term 2
2026-02-05 18:27:45,973 - INFO - Getting enrollment details for section: A-LEC (7983)
2026-02-05 18:27:46,449 - INFO - Getting enrollment details for section: B-LEC (7984)
2026-02-05 18:27:46,926 - INFO - Getting enrollment details for section: C-LEC (8153)
2026-02-05 18:27:47,371 - INFO - Getting enrollment details for section: D-LEC (8198)
2026-02-05 18:27:47,831 - INFO - Getting enrollment details for section: E-LEC (7974)
2026-02-05 18:27:48,306 - INFO - Getting enrollment details for section: F-LEC (6437)
2026-02-05 18:27:48,807 - INFO - Getting enrollment details for section: H-LEC (8062)
2026-02-05 18:27:49,475 - INFO - Extracted details for 1027: Credits=1.00, Terms=2
2026-02-05 18:27:50,480 - INFO - 📖 Getting details for course 16/81: 1028
2026-02-05 18:27:51,407 - INFO - Navigating to Course Outcome page for 1028
2026-02-05 18:27:51,874 - INFO - Course Outcome parsed for 1028
2026-02-05 18:27:51,874 - INFO - Found 2 terms for 1028: ['2025-26 Term 1', '2025-26 Term 2']
2026-02-05 18:27:51,874 - INFO - Scraping term 1/2: 2025-26 Term 1 for 1028
2026-02-05 18:27:51,881 - INFO - Clicking 'Show sections' for 2025-26 Term 1
2026-02-05 18:27:52,134 - INFO - Getting enrollment details for section: A-LEC (8202)
2026-02-05 18:27:52,542 - INFO - Getting enrollment details for section: B-LEC (8047)
2026-02-05 18:27:53,004 - INFO - Getting enrollment details for section: C-LEC (8337)
2026-02-05 18:27:53,480 - INFO - Getting enrollment details for section: D-LEC (8398)
2026-02-05 18:27:54,006 - INFO - Getting enrollment details for section: E-LEC (8399)
2026-02-05 18:27:54,489 - INFO - Getting enrollment details for section: F-LEC (6405)
2026-02-05 18:27:55,013 - INFO - Getting enrollment details for section: M-LEC (6406)
2026-02-05 18:27:56,414 - INFO - Scraping term 2/2: 2025-26 Term 2 for 1028
2026-02-05 18:27:56,427 - INFO - Switching to 2025-26 Term 2 for 1028
2026-02-05 18:27:56,678 - INFO - Clicking 'Show sections' for 2025-26 Term 2
2026-02-05 18:27:56,936 - INFO - Getting enrollment details for section: A-LEC (7985)
2026-02-05 18:27:57,661 - INFO - Getting enrollment details for section: B-LEC (7837)
2026-02-05 18:27:58,162 - INFO - Getting enrollment details for section: C-LEC (7838)
2026-02-05 18:27:58,684 - INFO - Getting enrollment details for section: D-LEC (7997)
2026-02-05 18:27:59,203 - INFO - Getting enrollment details for section: E-LEC (8172)
2026-02-05 18:27:59,814 - INFO - Getting enrollment details for section: F-LEC (6440)
2026-02-05 18:28:00,257 - INFO - Getting enrollment details for section: G-LEC (6439)
2026-02-05 18:28:00,783 - INFO - Extracted details for 1028: Credits=1.00, Terms=2
2026-02-05 18:28:00,786 - INFO - 💾 Progress saved: PHED - 16/81 courses completed
2026-02-05 18:28:01,791 - INFO - 📖 Getting details for course 17/81: 1029
2026-02-05 18:28:02,428 - INFO - Navigating to Course Outcome page for 1029
2026-02-05 18:28:03,047 - INFO - Course Outcome parsed for 1029
2026-02-05 18:28:03,047 - INFO - Found 2 terms for 1029: ['2025-26 Term 1', '2025-26 Term 2']
2026-02-05 18:28:03,047 - INFO - Scraping term 1/2: 2025-26 Term 1 for 1029
2026-02-05 18:28:03,053 - INFO - Clicking 'Show sections' for 2025-26 Term 1
2026-02-05 18:28:03,295 - INFO - Getting enrollment details for section: A-LEC (8416)
2026-02-05 18:28:03,817 - INFO - Getting enrollment details for section: B-LEC (8222)
2026-02-05 18:28:04,340 - INFO - Getting enrollment details for section: C-LEC (6411)
2026-02-05 18:28:04,879 - INFO - Getting enrollment details for section: D-LEC (6410)
2026-02-05 18:28:05,498 - INFO - Getting enrollment details for section: E-LEC (9808)
2026-02-05 18:28:06,023 - INFO - Getting enrollment details for section: F-LEC (9900)
2026-02-05 18:28:07,555 - INFO - Scraping term 2/2: 2025-26 Term 2 for 1029
2026-02-05 18:28:07,568 - INFO - Switching to 2025-26 Term 2 for 1029
2026-02-05 18:28:07,816 - INFO - Clicking 'Show sections' for 2025-26 Term 2
2026-02-05 18:28:08,122 - INFO - Getting enrollment details for section: A-LEC (7998)
2026-02-05 18:28:08,644 - INFO - Getting enrollment details for section: B-LEC (8154)
2026-02-05 18:28:09,182 - INFO - Getting enrollment details for section: C-LEC (8064)
2026-02-05 18:28:09,748 - INFO - Getting enrollment details for section: D-LEC (6444)
2026-02-05 18:28:10,352 - INFO - Getting enrollment details for section: E-LEC (6443)
2026-02-05 18:28:10,800 - INFO - Getting enrollment details for section: F-LEC (9747)
2026-02-05 18:28:11,266 - INFO - Getting enrollment details for section: G-LEC (9748)
2026-02-05 18:28:11,794 - INFO - Extracted details for 1029: Credits=1.00, Terms=2
2026-02-05 18:28:12,799 - INFO - 📖 Getting details for course 18/81: 1030
2026-02-05 18:28:13,366 - INFO - Navigating to Course Outcome page for 1030
2026-02-05 18:28:13,744 - INFO - Course Outcome parsed for 1030
2026-02-05 18:28:13,744 - INFO - Found 1 terms for 1030: ['2025-26 Term 2']
2026-02-05 18:28:13,744 - INFO - Scraping term 1/1: 2025-26 Term 2 for 1030
2026-02-05 18:28:13,749 - INFO - 'Show sections' button disabled for 2025-26 Term 2 - sections should already be visible
2026-02-05 18:28:13,753 - INFO - Getting enrollment details for section: --LEC (7999)
2026-02-05 18:28:14,162 - INFO - Extracted details for 1030: Credits=1.00, Terms=1
2026-02-05 18:28:15,166 - INFO - 📖 Getting details for course 19/81: 1031
2026-02-05 18:28:15,739 - INFO - Navigating to Course Outcome page for 1031
2026-02-05 18:28:16,225 - INFO - Course Outcome parsed for 1031
2026-02-05 18:28:16,225 - INFO - Found 2 terms for 1031: ['2025-26 Term 1', '2025-26 Term 2']
2026-02-05 18:28:16,225 - INFO - Scraping term 1/2: 2025-26 Term 1 for 1031
2026-02-05 18:28:16,232 - INFO - Clicking 'Show sections' for 2025-26 Term 1
2026-02-05 18:28:16,508 - INFO - Getting enrollment details for section: A-LEC (8223)
2026-02-05 18:28:17,032 - INFO - Getting enrollment details for section: B-LEC (8225)
2026-02-05 18:28:17,554 - INFO - Getting enrollment details for section: C-LEC (8224)
2026-02-05 18:28:18,080 - INFO - Getting enrollment details for section: D-LEC (8226)
2026-02-05 18:28:18,600 - INFO - Getting enrollment details for section: E-LEC (8112)
2026-02-05 18:28:19,130 - INFO - Getting enrollment details for section: F-LEC (8113)
2026-02-05 18:28:20,660 - INFO - Scraping term 2/2: 2025-26 Term 2 for 1031
2026-02-05 18:28:20,667 - INFO - Switching to 2025-26 Term 2 for 1031
2026-02-05 18:28:20,933 - INFO - Clicking 'Show sections' for 2025-26 Term 2
2026-02-05 18:28:21,228 - INFO - Getting enrollment details for section: A-LEC (8096)
2026-02-05 18:28:21,751 - INFO - Getting enrollment details for section: B-LEC (7849)
2026-02-05 18:28:22,276 - INFO - Getting enrollment details for section: C-LEC (7861)
2026-02-05 18:28:22,797 - INFO - Getting enrollment details for section: D-LEC (8072)
2026-02-05 18:28:23,382 - INFO - Getting enrollment details for section: E-LEC (8099)
2026-02-05 18:28:23,906 - INFO - Getting enrollment details for section: F-LEC (8081)
2026-02-05 18:28:24,451 - INFO - Extracted details for 1031: Credits=1.00, Terms=2
2026-02-05 18:28:25,452 - INFO - 📖 Getting details for course 20/81: 1032
2026-02-05 18:28:26,067 - INFO - Navigating to Course Outcome page for 1032
2026-02-05 18:28:26,494 - INFO - Course Outcome parsed for 1032
2026-02-05 18:28:26,495 - INFO - Found 2 terms for 1032: ['2025-26 Term 1', '2025-26 Term 2']
2026-02-05 18:28:26,495 - INFO - Scraping term 1/2: 2025-26 Term 1 for 1032
2026-02-05 18:28:26,503 - INFO - Clicking 'Show sections' for 2025-26 Term 1
2026-02-05 18:28:26,782 - INFO - Getting enrollment details for section: A-LEC (8227)
2026-02-05 18:28:27,422 - INFO - Getting enrollment details for section: B-LEC (8057)
2026-02-05 18:28:27,942 - INFO - Getting enrollment details for section: C-LEC (8228)
2026-02-05 18:28:28,443 - INFO - Getting enrollment details for section: D-LEC (8240)
2026-02-05 18:28:28,975 - INFO - Getting enrollment details for section: E-LEC (8114)
2026-02-05 18:28:29,460 - INFO - Getting enrollment details for section: F-LEC (8330)
2026-02-05 18:28:29,969 - INFO - Getting enrollment details for section: G-LEC (8331)
2026-02-05 18:28:31,510 - INFO - Scraping term 2/2: 2025-26 Term 2 for 1032
2026-02-05 18:28:31,517 - INFO - Switching to 2025-26 Term 2 for 1032
2026-02-05 18:28:31,769 - INFO - Clicking 'Show sections' for 2025-26 Term 2
2026-02-05 18:28:32,024 - INFO - Getting enrollment details for section: A-LEC (7891)
2026-02-05 18:28:32,506 - INFO - Getting enrollment details for section: B-LEC (8110)
2026-02-05 18:28:32,994 - INFO - Getting enrollment details for section: C-LEC (8011)
2026-02-05 18:28:33,462 - INFO - Getting enrollment details for section: D-LEC (8108)
2026-02-05 18:28:33,965 - INFO - Getting enrollment details for section: E-LEC (8071)
2026-02-05 18:28:34,451 - INFO - Getting enrollment details for section: F-LEC (8090)
2026-02-05 18:28:34,947 - INFO - Getting enrollment details for section: G-LEC (7908)
2026-02-05 18:28:35,471 - INFO - Extracted details for 1032: Credits=1.00, Terms=2
2026-02-05 18:28:36,476 - INFO - 📖 Getting details for course 21/81: 1033
2026-02-05 18:28:37,134 - INFO - Navigating to Course Outcome page for 1033
2026-02-05 18:28:37,584 - INFO - Course Outcome parsed for 1033
2026-02-05 18:28:37,584 - INFO - Found 2 terms for 1033: ['2025-26 Term 1', '2025-26 Term 2']
2026-02-05 18:28:37,584 - INFO - Scraping term 1/2: 2025-26 Term 1 for 1033
2026-02-05 18:28:37,590 - INFO - Clicking 'Show sections' for 2025-26 Term 1
2026-02-05 18:28:37,834 - INFO - Getting enrollment details for section: A-LEC (8241)
2026-02-05 18:28:38,286 - INFO - Getting enrollment details for section: B-LEC (8362)
2026-02-05 18:28:38,829 - INFO - Getting enrollment details for section: C-LEC (8379)
2026-02-05 18:28:39,318 - INFO - Getting enrollment details for section: D-LEC (8242)
2026-02-05 18:28:39,763 - INFO - Getting enrollment details for section: E-LEC (8058)
2026-02-05 18:28:40,378 - INFO - Getting enrollment details for section: F-LEC (8187)
2026-02-05 18:28:41,849 - INFO - Scraping term 2/2: 2025-26 Term 2 for 1033
2026-02-05 18:28:41,860 - INFO - Switching to 2025-26 Term 2 for 1033
2026-02-05 18:28:42,106 - INFO - Clicking 'Show sections' for 2025-26 Term 2
2026-02-05 18:28:42,426 - INFO - Getting enrollment details for section: A-LEC (8091)
2026-02-05 18:28:42,947 - INFO - Getting enrollment details for section: B-LEC (8082)
2026-02-05 18:28:43,431 - INFO - Getting enrollment details for section: C-LEC (8012)
2026-02-05 18:28:43,928 - INFO - Getting enrollment details for section: D-LEC (8092)
2026-02-05 18:28:44,432 - INFO - Getting enrollment details for section: E-LEC (8037)
2026-02-05 18:28:44,909 - INFO - Getting enrollment details for section: F-LEC (7917)
2026-02-05 18:28:45,367 - INFO - Getting enrollment details for section: G-LEC (9744)
2026-02-05 18:28:45,863 - INFO - Extracted details for 1033: Credits=1.00, Terms=2
2026-02-05 18:28:46,868 - INFO - 📖 Getting details for course 22/81: 1034
2026-02-05 18:28:47,499 - INFO - Navigating to Course Outcome page for 1034
2026-02-05 18:28:47,983 - INFO - Course Outcome parsed for 1034
2026-02-05 18:28:47,983 - INFO - Found 2 terms for 1034: ['2025-26 Term 1', '2025-26 Term 2']
2026-02-05 18:28:47,983 - INFO - Scraping term 1/2: 2025-26 Term 1 for 1034
2026-02-05 18:28:47,992 - INFO - Clicking 'Show sections' for 2025-26 Term 1
2026-02-05 18:28:48,246 - INFO - Getting enrollment details for section: A-LEC (8243)
2026-02-05 18:28:48,760 - INFO - Getting enrollment details for section: B-LEC (8056)
2026-02-05 18:28:49,198 - INFO - Getting enrollment details for section: C-LEC (8084)
2026-02-05 18:28:49,662 - INFO - Getting enrollment details for section: D-LEC (8244)
2026-02-05 18:28:50,157 - INFO - Getting enrollment details for section: E-LEC (8245)
2026-02-05 18:28:50,605 - INFO - Getting enrollment details for section: F-LEC (8316)
2026-02-05 18:28:51,119 - INFO - Getting enrollment details for section: G-LEC (8116)
2026-02-05 18:28:51,726 - INFO - Getting enrollment details for section: H-LEC (8078)
2026-02-05 18:28:52,178 - INFO - Getting enrollment details for section: J-LEC (8332)
2026-02-05 18:28:53,758 - INFO - Scraping term 2/2: 2025-26 Term 2 for 1034
2026-02-05 18:28:53,768 - INFO - Switching to 2025-26 Term 2 for 1034
2026-02-05 18:28:54,011 - INFO - Clicking 'Show sections' for 2025-26 Term 2
2026-02-05 18:28:54,264 - INFO - Getting enrollment details for section: A-LEC (8106)
2026-02-05 18:28:54,787 - INFO - Getting enrollment details for section: B-LEC (7921)
2026-02-05 18:28:55,314 - INFO - Getting enrollment details for section: C-LEC (8013)
2026-02-05 18:28:55,840 - INFO - Getting enrollment details for section: D-LEC (8087)
2026-02-05 18:28:56,367 - INFO - Getting enrollment details for section: E-LEC (7960)
2026-02-05 18:28:56,901 - INFO - Getting enrollment details for section: F-LEC (8107)
2026-02-05 18:28:57,411 - INFO - Getting enrollment details for section: G-LEC (7879)
2026-02-05 18:28:57,943 - INFO - Getting enrollment details for section: H-LEC (7862)
2026-02-05 18:28:58,501 - INFO - Getting enrollment details for section: J-LEC (8140)
2026-02-05 18:28:58,981 - INFO - Extracted details for 1034: Credits=1.00, Terms=2
2026-02-05 18:28:59,987 - INFO - 📖 Getting details for course 23/81: 1038
2026-02-05 18:29:00,437 - INFO - Navigating to Course Outcome page for 1038
2026-02-05 18:29:00,931 - INFO - Course Outcome parsed for 1038
2026-02-05 18:29:00,931 - INFO - Found 1 terms for 1038: ['2025-26 Term 2']
2026-02-05 18:29:00,931 - INFO - Scraping term 1/1: 2025-26 Term 2 for 1038
2026-02-05 18:29:00,935 - INFO - 'Show sections' button disabled for 2025-26 Term 2 - sections should already be visible
2026-02-05 18:29:00,940 - INFO - Getting enrollment details for section: A-LEC (8124)
2026-02-05 18:29:01,411 - INFO - Extracted details for 1038: Credits=1.00, Terms=1
2026-02-05 18:29:01,413 - INFO - 💾 Progress saved: PHED - 23/81 courses completed
2026-02-05 18:29:02,418 - INFO - 📖 Getting details for course 24/81: 1040
2026-02-05 18:29:02,945 - INFO - Navigating to Course Outcome page for 1040
2026-02-05 18:29:03,367 - INFO - Course Outcome parsed for 1040
2026-02-05 18:29:03,367 - INFO - Found 2 terms for 1040: ['2025-26 Term 1', '2025-26 Term 2']
2026-02-05 18:29:03,367 - INFO - Scraping term 1/2: 2025-26 Term 1 for 1040
2026-02-05 18:29:03,372 - INFO - Clicking 'Show sections' for 2025-26 Term 1
2026-02-05 18:29:03,602 - INFO - Getting enrollment details for section: A-LEC (8431)
2026-02-05 18:29:04,217 - INFO - Getting enrollment details for section: B-LEC (8413)
2026-02-05 18:29:04,709 - INFO - Getting enrollment details for section: M-LEC (8368)
2026-02-05 18:29:06,228 - INFO - Scraping term 2/2: 2025-26 Term 2 for 1040
2026-02-05 18:29:06,240 - INFO - Switching to 2025-26 Term 2 for 1040
2026-02-05 18:29:06,494 - INFO - Clicking 'Show sections' for 2025-26 Term 2
2026-02-05 18:29:06,804 - INFO - Getting enrollment details for section: A-LEC (8177)
2026-02-05 18:29:07,231 - INFO - Getting enrollment details for section: B-LEC (8161)
2026-02-05 18:29:07,857 - INFO - Getting enrollment details for section: C-LEC (8163)
2026-02-05 18:29:08,282 - INFO - Getting enrollment details for section: D-LEC (8167)
2026-02-05 18:29:08,986 - INFO - Extracted details for 1040: Credits=1.00, Terms=2
2026-02-05 18:29:09,989 - INFO - 📖 Getting details for course 25/81: 1041
2026-02-05 18:29:10,497 - INFO - Navigating to Course Outcome page for 1041
2026-02-05 18:29:10,913 - INFO - Course Outcome parsed for 1041
2026-02-05 18:29:10,913 - INFO - Found 2 terms for 1041: ['2025-26 Term 1', '2025-26 Term 2']
2026-02-05 18:29:10,913 - INFO - Scraping term 1/2: 2025-26 Term 1 for 1041
2026-02-05 18:29:10,935 - INFO - Clicking 'Show sections' for 2025-26 Term 1
2026-02-05 18:29:11,298 - INFO - Getting enrollment details for section: A-LEC (8246)
2026-02-05 18:29:11,798 - INFO - Getting enrollment details for section: B-LEC (8380)
2026-02-05 18:29:13,199 - INFO - Scraping term 2/2: 2025-26 Term 2 for 1041
2026-02-05 18:29:13,205 - INFO - Switching to 2025-26 Term 2 for 1041
2026-02-05 18:29:13,439 - INFO - Clicking 'Show sections' for 2025-26 Term 2
2026-02-05 18:29:13,676 - INFO - Getting enrollment details for section: A-LEC (7836)
2026-02-05 18:29:14,221 - INFO - Getting enrollment details for section: B-LEC (7848)
2026-02-05 18:29:14,714 - INFO - Getting enrollment details for section: C-LEC (6460)
2026-02-05 18:29:15,301 - INFO - Getting enrollment details for section: D-LEC (7922)
2026-02-05 18:29:15,829 - INFO - Getting enrollment details for section: E-LEC (7900)
2026-02-05 18:29:16,279 - INFO - Extracted details for 1041: Credits=1.00, Terms=2
2026-02-05 18:29:17,280 - INFO - 📖 Getting details for course 26/81: 1042
2026-02-05 18:29:17,822 - INFO - Navigating to Course Outcome page for 1042
2026-02-05 18:29:18,240 - INFO - Course Outcome parsed for 1042
2026-02-05 18:29:18,240 - INFO - Found 2 terms for 1042: ['2025-26 Term 1', '2025-26 Term 2']
2026-02-05 18:29:18,240 - INFO - Scraping term 1/2: 2025-26 Term 1 for 1042
2026-02-05 18:29:18,246 - INFO - Clicking 'Show sections' for 2025-26 Term 1
2026-02-05 18:29:18,561 - INFO - Getting enrollment details for section: A-LEC (8247)
2026-02-05 18:29:19,072 - INFO - Getting enrollment details for section: B-LEC (8361)
2026-02-05 18:29:19,687 - INFO - Getting enrollment details for section: C-LEC (8255)
2026-02-05 18:29:20,135 - INFO - Getting enrollment details for section: D-LEC (6430)
2026-02-05 18:29:20,576 - INFO - Getting enrollment details for section: E-LEC (8386)
2026-02-05 18:29:22,205 - INFO - Scraping term 2/2: 2025-26 Term 2 for 1042
2026-02-05 18:29:22,215 - INFO - Switching to 2025-26 Term 2 for 1042
2026-02-05 18:29:22,534 - INFO - Clicking 'Show sections' for 2025-26 Term 2
2026-02-05 18:29:22,777 - INFO - Getting enrollment details for section: A-LEC (7851)
2026-02-05 18:29:23,169 - INFO - Getting enrollment details for section: B-LEC (7835)
2026-02-05 18:29:23,694 - INFO - Getting enrollment details for section: C-LEC (8109)
2026-02-05 18:29:24,200 - INFO - Getting enrollment details for section: D-LEC (6461)
2026-02-05 18:29:24,724 - INFO - Getting enrollment details for section: E-LEC (7970)
2026-02-05 18:29:25,172 - INFO - Extracted details for 1042: Credits=1.00, Terms=2
2026-02-05 18:29:26,177 - INFO - 📖 Getting details for course 27/81: 1043
2026-02-05 18:29:26,901 - INFO - Navigating to Course Outcome page for 1043
2026-02-05 18:29:27,347 - INFO - Course Outcome parsed for 1043
2026-02-05 18:29:27,347 - INFO - Found 2 terms for 1043: ['2025-26 Term 1', '2025-26 Term 2']
2026-02-05 18:29:27,347 - INFO - Scraping term 1/2: 2025-26 Term 1 for 1043
2026-02-05 18:29:27,355 - INFO - Clicking 'Show sections' for 2025-26 Term 1
2026-02-05 18:29:27,619 - INFO - Getting enrollment details for section: A-LEC (8256)
2026-02-05 18:29:28,128 - INFO - Getting enrollment details for section: B-LEC (8257)
2026-02-05 18:29:28,596 - INFO - Getting enrollment details for section: C-LEC (8259)
2026-02-05 18:29:29,191 - INFO - Getting enrollment details for section: D-LEC (6432)
2026-02-05 18:29:29,616 - INFO - Getting enrollment details for section: E-LEC (8258)
2026-02-05 18:29:30,109 - INFO - Getting enrollment details for section: F-LEC (8052)
2026-02-05 18:29:30,645 - INFO - Getting enrollment details for section: G-LEC (8117)
2026-02-05 18:29:31,179 - INFO - Getting enrollment details for section: H-LEC (8346)
2026-02-05 18:29:31,772 - INFO - Getting enrollment details for section: J-LEC (8381)
2026-02-05 18:29:32,256 - INFO - Getting enrollment details for section: K-LEC (8080)
2026-02-05 18:29:33,029 - INFO - Getting enrollment details for section: L-LEC (9809)
2026-02-05 18:29:33,578 - INFO - Getting enrollment details for section: M-LEC (6431)
2026-02-05 18:29:35,076 - INFO - Scraping term 2/2: 2025-26 Term 2 for 1043
2026-02-05 18:29:35,090 - INFO - Switching to 2025-26 Term 2 for 1043
2026-02-05 18:29:35,361 - INFO - Clicking 'Show sections' for 2025-26 Term 2
2026-02-05 18:29:35,646 - INFO - Getting enrollment details for section: A-LEC (8070)
2026-02-05 18:29:36,176 - INFO - Getting enrollment details for section: B-LEC (8122)
2026-02-05 18:29:36,706 - INFO - Getting enrollment details for section: C-LEC (8028)
2026-02-05 18:29:37,291 - INFO - Getting enrollment details for section: D-LEC (8111)
2026-02-05 18:29:37,824 - INFO - Getting enrollment details for section: E-LEC (8119)
2026-02-05 18:29:38,298 - INFO - Getting enrollment details for section: F-LEC (6462)
2026-02-05 18:29:38,876 - INFO - Getting enrollment details for section: G-LEC (7918)
2026-02-05 18:29:39,368 - INFO - Getting enrollment details for section: H-LEC (7884)
2026-02-05 18:29:39,962 - INFO - Getting enrollment details for section: N-LEC (9749)
2026-02-05 18:29:40,453 - INFO - Getting enrollment details for section: P-LEC (9750)
2026-02-05 18:29:40,924 - INFO - Extracted details for 1043: Credits=1.00, Terms=2
2026-02-05 18:29:41,924 - INFO - 📖 Getting details for course 28/81: 1044
2026-02-05 18:29:42,682 - INFO - Navigating to Course Outcome page for 1044
2026-02-05 18:29:43,142 - INFO - Course Outcome parsed for 1044
2026-02-05 18:29:43,142 - INFO - Found 2 terms for 1044: ['2025-26 Term 1', '2025-26 Term 2']
2026-02-05 18:29:43,142 - INFO - Scraping term 1/2: 2025-26 Term 1 for 1044
2026-02-05 18:29:43,150 - INFO - Clicking 'Show sections' for 2025-26 Term 1
2026-02-05 18:29:43,407 - INFO - Getting enrollment details for section: A-LEC (8260)
2026-02-05 18:29:43,926 - INFO - Getting enrollment details for section: B-LEC (8261)
2026-02-05 18:29:44,573 - INFO - Getting enrollment details for section: C-LEC (8262)
2026-02-05 18:29:45,093 - INFO - Getting enrollment details for section: D-LEC (8263)
2026-02-05 18:29:45,711 - INFO - Getting enrollment details for section: E-LEC (8264)
2026-02-05 18:29:46,203 - INFO - Getting enrollment details for section: F-LEC (8387)
2026-02-05 18:29:46,735 - INFO - Getting enrollment details for section: G-LEC (8265)
2026-02-05 18:29:47,226 - INFO - Getting enrollment details for section: H-LEC (8325)
2026-02-05 18:29:47,748 - INFO - Getting enrollment details for section: J-LEC (8111)
2026-02-05 18:29:48,266 - INFO - Getting enrollment details for section: K-LEC (6433)
2026-02-05 18:29:48,764 - INFO - Getting enrollment details for section: L-LEC (9811)
2026-02-05 18:29:49,281 - INFO - Getting enrollment details for section: N-LEC (9810)
2026-02-05 18:29:50,822 - INFO - Scraping term 2/2: 2025-26 Term 2 for 1044
2026-02-05 18:29:50,835 - INFO - Switching to 2025-26 Term 2 for 1044
2026-02-05 18:29:51,107 - INFO - Clicking 'Show sections' for 2025-26 Term 2
2026-02-05 18:29:51,375 - INFO - Getting enrollment details for section: A-LEC (8088)
2026-02-05 18:29:51,898 - INFO - Getting enrollment details for section: B-LEC (7871)
2026-02-05 18:29:52,460 - INFO - Getting enrollment details for section: C-LEC (8035)
2026-02-05 18:29:52,948 - INFO - Getting enrollment details for section: D-LEC (8100)
2026-02-05 18:29:53,479 - INFO - Getting enrollment details for section: E-LEC (8080)
2026-02-05 18:29:54,005 - INFO - Getting enrollment details for section: F-LEC (8098)
2026-02-05 18:29:54,522 - INFO - Getting enrollment details for section: G-LEC (8089)
2026-02-05 18:29:55,058 - INFO - Getting enrollment details for section: H-LEC (8120)
2026-02-05 18:29:55,592 - INFO - Getting enrollment details for section: J-LEC (7919)
2026-02-05 18:29:56,150 - INFO - Getting enrollment details for section: K-LEC (6463)
2026-02-05 18:29:56,642 - INFO - Extracted details for 1044: Credits=1.00, Terms=2
2026-02-05 18:29:57,646 - INFO - 📖 Getting details for course 29/81: 1045
2026-02-05 18:29:58,196 - INFO - Navigating to Course Outcome page for 1045
2026-02-05 18:29:58,590 - INFO - Course Outcome parsed for 1045
2026-02-05 18:29:58,590 - INFO - No term dropdown found for 1045, using current data
2026-02-05 18:29:59,598 - INFO - 📖 Getting details for course 30/81: 1046
2026-02-05 18:30:00,033 - INFO - Navigating to Course Outcome page for 1046
2026-02-05 18:30:00,421 - INFO - Course Outcome parsed for 1046
2026-02-05 18:30:00,421 - INFO - Found 1 terms for 1046: ['2025-26 Term 1']
2026-02-05 18:30:00,421 - INFO - Scraping term 1/1: 2025-26 Term 1 for 1046
2026-02-05 18:30:00,426 - INFO - 'Show sections' button disabled for 2025-26 Term 1 - sections should already be visible
2026-02-05 18:30:00,431 - INFO - Getting enrollment details for section: A-LEC (8051)
2026-02-05 18:30:00,897 - INFO - Extracted details for 1046: Credits=1.00, Terms=1
2026-02-05 18:30:01,898 - INFO - 📖 Getting details for course 31/81: 1047
2026-02-05 18:30:02,396 - INFO - Navigating to Course Outcome page for 1047
2026-02-05 18:30:03,022 - INFO - Course Outcome parsed for 1047
2026-02-05 18:30:03,022 - INFO - Found 2 terms for 1047: ['2025-26 Term 1', '2025-26 Term 2']
2026-02-05 18:30:03,022 - INFO - Scraping term 1/2: 2025-26 Term 1 for 1047
2026-02-05 18:30:03,028 - INFO - Clicking 'Show sections' for 2025-26 Term 1
2026-02-05 18:30:03,252 - INFO - Getting enrollment details for section: A-LEC (5019)
2026-02-05 18:30:04,702 - INFO - Scraping term 2/2: 2025-26 Term 2 for 1047
2026-02-05 18:30:04,708 - INFO - Switching to 2025-26 Term 2 for 1047
2026-02-05 18:30:05,023 - INFO - Clicking 'Show sections' for 2025-26 Term 2
2026-02-05 18:30:05,248 - INFO - Getting enrollment details for section: A-LEC (5149)
2026-02-05 18:30:05,693 - INFO - Extracted details for 1047: Credits=1.00, Terms=2
2026-02-05 18:30:05,695 - INFO - 💾 Progress saved: PHED - 31/81 courses completed
2026-02-05 18:30:06,701 - INFO - 📖 Getting details for course 32/81: 1048
2026-02-05 18:30:07,149 - INFO - Navigating to Course Outcome page for 1048
2026-02-05 18:30:07,658 - INFO - Course Outcome parsed for 1048
2026-02-05 18:30:07,658 - INFO - Found 2 terms for 1048: ['2025-26 Term 1', '2025-26 Term 2']
2026-02-05 18:30:07,658 - INFO - Scraping term 1/2: 2025-26 Term 1 for 1048
2026-02-05 18:30:07,663 - INFO - Clicking 'Show sections' for 2025-26 Term 1
2026-02-05 18:30:07,894 - INFO - Getting enrollment details for section: A-LEC (5011)
2026-02-05 18:30:09,347 - INFO - Scraping term 2/2: 2025-26 Term 2 for 1048
2026-02-05 18:30:09,355 - INFO - Switching to 2025-26 Term 2 for 1048
2026-02-05 18:30:09,583 - INFO - Clicking 'Show sections' for 2025-26 Term 2
2026-02-05 18:30:09,818 - INFO - Getting enrollment details for section: A-LEC (5150)
2026-02-05 18:30:10,292 - INFO - Extracted details for 1048: Credits=1.00, Terms=2
2026-02-05 18:30:11,297 - INFO - 📖 Getting details for course 33/81: 1050
2026-02-05 18:30:11,822 - INFO - Navigating to Course Outcome page for 1050
2026-02-05 18:30:12,201 - INFO - Course Outcome parsed for 1050
2026-02-05 18:30:12,201 - INFO - No term dropdown found for 1050, using current data
2026-02-05 18:30:13,210 - INFO - 📖 Getting details for course 34/81: 1060
2026-02-05 18:30:13,578 - INFO - Navigating to Course Outcome page for 1060
2026-02-05 18:30:14,108 - INFO - Course Outcome parsed for 1060
2026-02-05 18:30:14,108 - INFO - No term dropdown found for 1060, using current data
2026-02-05 18:30:15,117 - INFO - 📖 Getting details for course 35/81: 1063
2026-02-05 18:30:15,617 - INFO - Navigating to Course Outcome page for 1063
2026-02-05 18:30:16,038 - INFO - Course Outcome parsed for 1063
2026-02-05 18:30:16,039 - INFO - No term dropdown found for 1063, using current data
2026-02-05 18:30:17,046 - INFO - 📖 Getting details for course 36/81: 1064
2026-02-05 18:30:17,478 - INFO - Navigating to Course Outcome page for 1064
2026-02-05 18:30:17,947 - INFO - Course Outcome parsed for 1064
2026-02-05 18:30:17,948 - INFO - No term dropdown found for 1064, using current data
2026-02-05 18:30:18,956 - INFO - 📖 Getting details for course 37/81: 1065
2026-02-05 18:30:19,428 - INFO - Navigating to Course Outcome page for 1065
2026-02-05 18:30:20,212 - INFO - Course Outcome parsed for 1065
2026-02-05 18:30:20,213 - INFO - No term dropdown found for 1065, using current data
2026-02-05 18:30:21,221 - INFO - 📖 Getting details for course 38/81: 1066
2026-02-05 18:30:21,921 - INFO - Navigating to Course Outcome page for 1066
2026-02-05 18:30:22,620 - INFO - Course Outcome parsed for 1066
2026-02-05 18:30:22,620 - INFO - Found 1 terms for 1066: ['2025-26 Term 2']
2026-02-05 18:30:22,620 - INFO - Scraping term 1/1: 2025-26 Term 2 for 1066
2026-02-05 18:30:22,624 - INFO - 'Show sections' button disabled for 2025-26 Term 2 - sections should already be visible
2026-02-05 18:30:22,628 - INFO - Getting enrollment details for section: XA-LEC (8125)
2026-02-05 18:30:23,245 - INFO - Extracted details for 1066: Credits=1.00, Terms=1
2026-02-05 18:30:24,251 - INFO - 📖 Getting details for course 39/81: 1070
2026-02-05 18:30:24,942 - INFO - Navigating to Course Outcome page for 1070
2026-02-05 18:30:25,514 - INFO - Course Outcome parsed for 1070
2026-02-05 18:30:25,514 - INFO - Found 2 terms for 1070: ['2025-26 Term 1', '2025-26 Term 2']
2026-02-05 18:30:25,514 - INFO - Scraping term 1/2: 2025-26 Term 1 for 1070
2026-02-05 18:30:25,519 - INFO - Clicking 'Show sections' for 2025-26 Term 1
2026-02-05 18:30:25,974 - INFO - Getting enrollment details for section: XA-LEC (6395)
2026-02-05 18:30:27,638 - INFO - Scraping term 2/2: 2025-26 Term 2 for 1070
2026-02-05 18:30:27,650 - INFO - Switching to 2025-26 Term 2 for 1070
2026-02-05 18:30:28,074 - INFO - Clicking 'Show sections' for 2025-26 Term 2
2026-02-05 18:30:28,468 - INFO - Getting enrollment details for section: XA-LEC (5382)
2026-02-05 18:30:28,978 - INFO - Extracted details for 1070: Credits=1.00, Terms=2
2026-02-05 18:30:29,983 - INFO - 📖 Getting details for course 40/81: 1071
2026-02-05 18:30:30,512 - INFO - Navigating to Course Outcome page for 1071
2026-02-05 18:30:31,057 - INFO - Course Outcome parsed for 1071
2026-02-05 18:30:31,058 - INFO - No term dropdown found for 1071, using current data
2026-02-05 18:30:32,067 - INFO - 📖 Getting details for course 41/81: 1072
2026-02-05 18:30:32,638 - INFO - Navigating to Course Outcome page for 1072
2026-02-05 18:30:33,158 - INFO - Course Outcome parsed for 1072
2026-02-05 18:30:33,159 - INFO - No term dropdown found for 1072, using current data
2026-02-05 18:30:34,168 - INFO - 📖 Getting details for course 42/81: 1073
2026-02-05 18:30:34,633 - INFO - Navigating to Course Outcome page for 1073
2026-02-05 18:30:35,132 - INFO - Course Outcome parsed for 1073
2026-02-05 18:30:35,133 - INFO - No term dropdown found for 1073, using current data
2026-02-05 18:30:36,140 - INFO - 📖 Getting details for course 43/81: 1074
2026-02-05 18:30:36,843 - INFO - Navigating to Course Outcome page for 1074
2026-02-05 18:30:37,359 - INFO - Course Outcome parsed for 1074
2026-02-05 18:30:37,360 - INFO - No term dropdown found for 1074, using current data
2026-02-05 18:30:38,368 - INFO - 📖 Getting details for course 44/81: 1100
2026-02-05 18:30:38,851 - INFO - Navigating to Course Outcome page for 1100
2026-02-05 18:30:39,331 - INFO - Course Outcome parsed for 1100
2026-02-05 18:30:39,332 - INFO - No term dropdown found for 1100, using current data
2026-02-05 18:30:40,339 - INFO - 📖 Getting details for course 45/81: 1110
2026-02-05 18:30:40,819 - INFO - Navigating to Course Outcome page for 1110
2026-02-05 18:30:41,336 - INFO - Course Outcome parsed for 1110
2026-02-05 18:30:41,336 - INFO - No term dropdown found for 1110, using current data
2026-02-05 18:30:42,344 - INFO - 📖 Getting details for course 46/81: 1120
2026-02-05 18:30:42,874 - INFO - Navigating to Course Outcome page for 1120
2026-02-05 18:30:43,377 - INFO - Course Outcome parsed for 1120
2026-02-05 18:30:43,377 - INFO - Found 1 terms for 1120: ['2025-26 Term 2']
2026-02-05 18:30:43,377 - INFO - Scraping term 1/1: 2025-26 Term 2 for 1120
2026-02-05 18:30:43,381 - INFO - 'Show sections' button disabled for 2025-26 Term 2 - sections should already be visible
2026-02-05 18:30:43,385 - INFO - Getting enrollment details for section: XA-LEC (8195)
2026-02-05 18:30:43,960 - INFO - Extracted details for 1120: Credits=1.00, Terms=1
2026-02-05 18:30:44,965 - INFO - 📖 Getting details for course 47/81: 1122
2026-02-05 18:30:45,528 - INFO - Navigating to Course Outcome page for 1122
2026-02-05 18:30:46,154 - INFO - Course Outcome parsed for 1122
2026-02-05 18:30:46,154 - INFO - Found 2 terms for 1122: ['2025-26 Term 1', '2025-26 Term 2']
2026-02-05 18:30:46,154 - INFO - Scraping term 1/2: 2025-26 Term 1 for 1122
2026-02-05 18:30:46,159 - INFO - Clicking 'Show sections' for 2025-26 Term 1
2026-02-05 18:30:46,501 - INFO - Getting enrollment details for section: A-LEC (8236)
2026-02-05 18:30:47,001 - INFO - Getting enrollment details for section: B-LEC (8237)
2026-02-05 18:30:47,512 - INFO - Getting enrollment details for section: C-LEC (8156)
2026-02-05 18:30:49,112 - INFO - Scraping term 2/2: 2025-26 Term 2 for 1122
2026-02-05 18:30:49,123 - INFO - Switching to 2025-26 Term 2 for 1122
2026-02-05 18:30:49,456 - INFO - Clicking 'Show sections' for 2025-26 Term 2
2026-02-05 18:30:49,774 - INFO - Getting enrollment details for section: A-LEC (8005)
2026-02-05 18:30:50,307 - INFO - Getting enrollment details for section: B-LEC (8007)
2026-02-05 18:30:50,840 - INFO - Extracted details for 1122: Credits=1.00, Terms=2
2026-02-05 18:30:51,845 - INFO - 📖 Getting details for course 48/81: 1125
2026-02-05 18:30:52,414 - INFO - Navigating to Course Outcome page for 1125
2026-02-05 18:30:52,913 - INFO - Course Outcome parsed for 1125
2026-02-05 18:30:52,913 - INFO - Found 2 terms for 1125: ['2025-26 Term 1', '2025-26 Term 2']
2026-02-05 18:30:52,913 - INFO - Scraping term 1/2: 2025-26 Term 1 for 1125
2026-02-05 18:30:52,917 - INFO - Clicking 'Show sections' for 2025-26 Term 1
2026-02-05 18:30:53,245 - INFO - Getting enrollment details for section: A-LEC (5018)
2026-02-05 18:30:54,771 - INFO - Scraping term 2/2: 2025-26 Term 2 for 1125
2026-02-05 18:30:54,782 - INFO - Switching to 2025-26 Term 2 for 1125
2026-02-05 18:30:55,109 - INFO - Clicking 'Show sections' for 2025-26 Term 2
2026-02-05 18:30:55,422 - INFO - Getting enrollment details for section: A-LEC (5143)
2026-02-05 18:30:56,006 - INFO - Extracted details for 1125: Credits=1.00, Terms=2
2026-02-05 18:30:57,011 - INFO - 📖 Getting details for course 49/81: 1126
2026-02-05 18:30:57,560 - INFO - Navigating to Course Outcome page for 1126
2026-02-05 18:30:58,130 - INFO - Course Outcome parsed for 1126
2026-02-05 18:30:58,130 - INFO - Found 2 terms for 1126: ['2025-26 Term 1', '2025-26 Term 2']
2026-02-05 18:30:58,130 - INFO - Scraping term 1/2: 2025-26 Term 1 for 1126
2026-02-05 18:30:58,135 - INFO - Clicking 'Show sections' for 2025-26 Term 1
2026-02-05 18:30:58,487 - INFO - Getting enrollment details for section: A-LEC (5017)
2026-02-05 18:31:00,023 - INFO - Scraping term 2/2: 2025-26 Term 2 for 1126
2026-02-05 18:31:00,034 - INFO - Switching to 2025-26 Term 2 for 1126
2026-02-05 18:31:00,344 - INFO - Clicking 'Show sections' for 2025-26 Term 2
2026-02-05 18:31:00,652 - INFO - Getting enrollment details for section: A-LEC (5127)
2026-02-05 18:31:01,144 - INFO - Extracted details for 1126: Credits=1.00, Terms=2
2026-02-05 18:31:02,150 - INFO - 📖 Getting details for course 50/81: 1130
2026-02-05 18:31:02,785 - INFO - Navigating to Course Outcome page for 1130
2026-02-05 18:31:03,397 - INFO - Course Outcome parsed for 1130
2026-02-05 18:31:03,397 - INFO - Found 2 terms for 1130: ['2025-26 Term 1', '2025-26 Term 2']
2026-02-05 18:31:03,402 - INFO - Scraping term 1/2: 2025-26 Term 1 for 1130
2026-02-05 18:31:03,411 - INFO - Clicking 'Show sections' for 2025-26 Term 1
2026-02-05 18:31:03,741 - INFO - Getting enrollment details for section: A-LEC (8238)
2026-02-05 18:31:04,302 - INFO - Getting enrollment details for section: B-LEC (8442)
2026-02-05 18:31:04,835 - INFO - Getting enrollment details for section: C-LEC (8350)
2026-02-05 18:31:06,480 - INFO - Scraping term 2/2: 2025-26 Term 2 for 1130
2026-02-05 18:31:06,491 - INFO - Switching to 2025-26 Term 2 for 1130
2026-02-05 18:31:06,876 - INFO - Clicking 'Show sections' for 2025-26 Term 2
2026-02-05 18:31:07,198 - INFO - Getting enrollment details for section: A-LEC (8006)
2026-02-05 18:31:07,700 - INFO - Getting enrollment details for section: B-LEC (8194)
2026-02-05 18:31:08,274 - INFO - Getting enrollment details for section: C-LEC (8126)
2026-02-05 18:31:08,806 - INFO - Extracted details for 1130: Credits=1.00, Terms=2
2026-02-05 18:31:08,809 - INFO - 💾 Progress saved: PHED - 50/81 courses completed
2026-02-05 18:31:09,814 - INFO - 📖 Getting details for course 51/81: 1140
2026-02-05 18:31:10,410 - INFO - Navigating to Course Outcome page for 1140
2026-02-05 18:31:10,902 - INFO - Course Outcome parsed for 1140
2026-02-05 18:31:10,902 - INFO - Found 2 terms for 1140: ['2025-26 Term 1', '2025-26 Term 2']
2026-02-05 18:31:10,902 - INFO - Scraping term 1/2: 2025-26 Term 1 for 1140
2026-02-05 18:31:10,907 - INFO - Clicking 'Show sections' for 2025-26 Term 1
2026-02-05 18:31:11,219 - INFO - Getting enrollment details for section: A-LEC (8053)
2026-02-05 18:31:12,721 - INFO - Scraping term 2/2: 2025-26 Term 2 for 1140
2026-02-05 18:31:12,736 - INFO - Switching to 2025-26 Term 2 for 1140
2026-02-05 18:31:13,040 - INFO - Clicking 'Show sections' for 2025-26 Term 2
2026-02-05 18:31:13,342 - INFO - Getting enrollment details for section: M-LEC (8093)
2026-02-05 18:31:13,813 - INFO - Extracted details for 1140: Credits=1.00, Terms=2
2026-02-05 18:31:14,818 - INFO - 📖 Getting details for course 52/81: 1150
2026-02-05 18:31:15,294 - INFO - Navigating to Course Outcome page for 1150
2026-02-05 18:31:15,795 - INFO - Course Outcome parsed for 1150
2026-02-05 18:31:15,795 - INFO - Found 2 terms for 1150: ['2025-26 Term 1', '2025-26 Term 2']
2026-02-05 18:31:15,795 - INFO - Scraping term 1/2: 2025-26 Term 1 for 1150
2026-02-05 18:31:15,800 - INFO - Clicking 'Show sections' for 2025-26 Term 1
2026-02-05 18:31:16,092 - INFO - Getting enrollment details for section: A-LEC (9823)
2026-02-05 18:31:17,644 - INFO - Scraping term 2/2: 2025-26 Term 2 for 1150
2026-02-05 18:31:17,654 - INFO - Switching to 2025-26 Term 2 for 1150
2026-02-05 18:31:17,956 - INFO - Clicking 'Show sections' for 2025-26 Term 2
2026-02-05 18:31:18,252 - INFO - Getting enrollment details for section: A-LEC (9586)
2026-02-05 18:31:18,948 - INFO - Extracted details for 1150: Credits=1.00, Terms=2
2026-02-05 18:31:19,953 - INFO - 📖 Getting details for course 53/81: 1160
2026-02-05 18:31:20,407 - INFO - Navigating to Course Outcome page for 1160
2026-02-05 18:31:20,900 - INFO - Course Outcome parsed for 1160
2026-02-05 18:31:20,900 - INFO - No term dropdown found for 1160, using current data
2026-02-05 18:31:21,907 - INFO - 📖 Getting details for course 54/81: 1170
2026-02-05 18:31:22,392 - INFO - Navigating to Course Outcome page for 1170
2026-02-05 18:31:22,834 - INFO - Course Outcome parsed for 1170
2026-02-05 18:31:22,834 - INFO - No term dropdown found for 1170, using current data
2026-02-05 18:31:23,844 - INFO - 📖 Getting details for course 55/81: 1180
2026-02-05 18:31:24,396 - INFO - Navigating to Course Outcome page for 1180
2026-02-05 18:31:24,847 - INFO - Course Outcome parsed for 1180
2026-02-05 18:31:24,847 - INFO - Found 2 terms for 1180: ['2025-26 Term 1', '2025-26 Term 2']
2026-02-05 18:31:24,847 - INFO - Scraping term 1/2: 2025-26 Term 1 for 1180
2026-02-05 18:31:24,852 - INFO - Clicking 'Show sections' for 2025-26 Term 1
2026-02-05 18:31:25,218 - INFO - Getting enrollment details for section: M-LEC (8367)
2026-02-05 18:31:26,754 - INFO - Scraping term 2/2: 2025-26 Term 2 for 1180
2026-02-05 18:31:26,764 - INFO - Switching to 2025-26 Term 2 for 1180
2026-02-05 18:31:27,079 - INFO - Clicking 'Show sections' for 2025-26 Term 2
2026-02-05 18:31:27,378 - INFO - Getting enrollment details for section: A-LEC (7973)
2026-02-05 18:31:27,895 - INFO - Extracted details for 1180: Credits=1.00, Terms=2
2026-02-05 18:31:28,900 - INFO - 📖 Getting details for course 56/81: 1190
2026-02-05 18:31:29,414 - INFO - Navigating to Course Outcome page for 1190
2026-02-05 18:31:29,979 - INFO - Course Outcome parsed for 1190
2026-02-05 18:31:29,979 - INFO - No term dropdown found for 1190, using current data
2026-02-05 18:31:30,986 - INFO - 📖 Getting details for course 57/81: 1200
2026-02-05 18:31:31,511 - INFO - Navigating to Course Outcome page for 1200
2026-02-05 18:31:32,040 - INFO - Course Outcome parsed for 1200
2026-02-05 18:31:32,040 - INFO - No term dropdown found for 1200, using current data
2026-02-05 18:31:33,048 - INFO - 📖 Getting details for course 58/81: 1210
2026-02-05 18:31:33,627 - INFO - Navigating to Course Outcome page for 1210
2026-02-05 18:31:34,141 - INFO - Course Outcome parsed for 1210
2026-02-05 18:31:34,142 - INFO - Found 2 terms for 1210: ['2025-26 Term 1', '2025-26 Term 2']
2026-02-05 18:31:34,142 - INFO - Scraping term 1/2: 2025-26 Term 1 for 1210
2026-02-05 18:31:34,146 - INFO - Clicking 'Show sections' for 2025-26 Term 1
2026-02-05 18:31:34,425 - INFO - Getting enrollment details for section: A-LEC (8065)
2026-02-05 18:31:34,892 - INFO - Getting enrollment details for section: B-LEC (9812)
2026-02-05 18:31:36,310 - INFO - Scraping term 2/2: 2025-26 Term 2 for 1210
2026-02-05 18:31:36,314 - INFO - Switching to 2025-26 Term 2 for 1210
2026-02-05 18:31:36,596 - INFO - Clicking 'Show sections' for 2025-26 Term 2
2026-02-05 18:31:36,870 - INFO - Getting enrollment details for section: A-LEC (9746)
2026-02-05 18:31:37,352 - INFO - Extracted details for 1210: Credits=1.00, Terms=2
2026-02-05 18:31:38,357 - INFO - 📖 Getting details for course 59/81: 1220
2026-02-05 18:31:38,995 - INFO - Navigating to Course Outcome page for 1220
2026-02-05 18:31:39,562 - INFO - Course Outcome parsed for 1220
2026-02-05 18:31:39,562 - INFO - Found 2 terms for 1220: ['2025-26 Term 1', '2025-26 Term 2']
2026-02-05 18:31:39,562 - INFO - Scraping term 1/2: 2025-26 Term 1 for 1220
2026-02-05 18:31:39,568 - INFO - Clicking 'Show sections' for 2025-26 Term 1
2026-02-05 18:31:40,005 - INFO - Getting enrollment details for section: A-LEC (8402)
2026-02-05 18:31:41,549 - INFO - Scraping term 2/2: 2025-26 Term 2 for 1220
2026-02-05 18:31:41,555 - INFO - Switching to 2025-26 Term 2 for 1220
2026-02-05 18:31:41,908 - INFO - Clicking 'Show sections' for 2025-26 Term 2
2026-02-05 18:31:42,320 - INFO - Getting enrollment details for section: A-LEC (8159)
2026-02-05 18:31:42,815 - INFO - Getting enrollment details for section: B-LEC (9743)
2026-02-05 18:31:43,349 - INFO - Getting enrollment details for section: C-LEC (9745)
2026-02-05 18:31:43,874 - INFO - Getting enrollment details for section: M-LEC (8077)
2026-02-05 18:31:44,390 - INFO - Extracted details for 1220: Credits=1.00, Terms=2
2026-02-05 18:31:45,395 - INFO - 📖 Getting details for course 60/81: 1221
2026-02-05 18:31:45,995 - INFO - Navigating to Course Outcome page for 1221
2026-02-05 18:31:46,472 - INFO - Course Outcome parsed for 1221
2026-02-05 18:31:46,472 - INFO - No term dropdown found for 1221, using current data
2026-02-05 18:31:47,479 - INFO - 📖 Getting details for course 61/81: 1222
2026-02-05 18:31:47,955 - INFO - Navigating to Course Outcome page for 1222
2026-02-05 18:31:48,374 - INFO - Course Outcome parsed for 1222
2026-02-05 18:31:48,374 - INFO - No term dropdown found for 1222, using current data
2026-02-05 18:31:49,381 - INFO - 📖 Getting details for course 62/81: 1230
2026-02-05 18:31:49,880 - INFO - Navigating to Course Outcome page for 1230
2026-02-05 18:31:50,396 - INFO - Course Outcome parsed for 1230
2026-02-05 18:31:50,396 - INFO - No term dropdown found for 1230, using current data
2026-02-05 18:31:51,404 - INFO - 📖 Getting details for course 63/81: 1240
2026-02-05 18:31:51,870 - INFO - Navigating to Course Outcome page for 1240
2026-02-05 18:31:52,377 - INFO - Course Outcome parsed for 1240
2026-02-05 18:31:52,377 - INFO - No term dropdown found for 1240, using current data
2026-02-05 18:31:53,407 - INFO - 📖 Getting details for course 64/81: 1250
2026-02-05 18:31:53,899 - INFO - Navigating to Course Outcome page for 1250
2026-02-05 18:31:54,304 - INFO - Course Outcome parsed for 1250
2026-02-05 18:31:54,304 - INFO - Found 2 terms for 1250: ['2025-26 Term 1', '2025-26 Term 2']
2026-02-05 18:31:54,304 - INFO - Scraping term 1/2: 2025-26 Term 1 for 1250
2026-02-05 18:31:54,309 - INFO - Clicking 'Show sections' for 2025-26 Term 1
2026-02-05 18:31:54,588 - INFO - Getting enrollment details for section: XA-LEC (8443)
2026-02-05 18:31:56,114 - INFO - Scraping term 2/2: 2025-26 Term 2 for 1250
2026-02-05 18:31:56,125 - INFO - Switching to 2025-26 Term 2 for 1250
2026-02-05 18:31:56,416 - INFO - Clicking 'Show sections' for 2025-26 Term 2
2026-02-05 18:31:56,695 - INFO - Getting enrollment details for section: XA-LEC (8075)
2026-02-05 18:31:57,208 - INFO - Extracted details for 1250: Credits=1.00, Terms=2
2026-02-05 18:31:58,214 - INFO - 📖 Getting details for course 65/81: 1260
2026-02-05 18:31:58,780 - INFO - Navigating to Course Outcome page for 1260
2026-02-05 18:31:59,302 - INFO - Course Outcome parsed for 1260
2026-02-05 18:31:59,302 - INFO - Found 2 terms for 1260: ['2025-26 Term 1', '2025-26 Term 2']
2026-02-05 18:31:59,302 - INFO - Scraping term 1/2: 2025-26 Term 1 for 1260
2026-02-05 18:31:59,307 - INFO - Clicking 'Show sections' for 2025-26 Term 1
2026-02-05 18:31:59,583 - INFO - Getting enrollment details for section: XA-LEC (5010)
2026-02-05 18:32:01,073 - INFO - Scraping term 2/2: 2025-26 Term 2 for 1260
2026-02-05 18:32:01,078 - INFO - Switching to 2025-26 Term 2 for 1260
2026-02-05 18:32:01,394 - INFO - Clicking 'Show sections' for 2025-26 Term 2
2026-02-05 18:32:01,675 - INFO - Getting enrollment details for section: XA-LEC (5133)
2026-02-05 18:32:02,164 - INFO - Extracted details for 1260: Credits=1.00, Terms=2
2026-02-05 18:32:03,169 - INFO - 📖 Getting details for course 66/81: 1270
2026-02-05 18:32:03,638 - INFO - Navigating to Course Outcome page for 1270
2026-02-05 18:32:04,180 - INFO - Course Outcome parsed for 1270
2026-02-05 18:32:04,180 - INFO - No term dropdown found for 1270, using current data
2026-02-05 18:32:05,190 - INFO - 📖 Getting details for course 67/81: 1280
2026-02-05 18:32:06,826 - INFO - Navigating to Course Outcome page for 1280
2026-02-05 18:32:07,909 - INFO - Course Outcome parsed for 1280
2026-02-05 18:32:07,910 - INFO - No term dropdown found for 1280, using current data
2026-02-05 18:32:08,918 - INFO - 📖 Getting details for course 68/81: 1300
2026-02-05 18:32:09,992 - INFO - Navigating to Course Outcome page for 1300
2026-02-05 18:32:10,902 - INFO - Course Outcome parsed for 1300
2026-02-05 18:32:10,902 - INFO - Found 1 terms for 1300: ['2025-26 Term 2']
2026-02-05 18:32:10,902 - INFO - Scraping term 1/1: 2025-26 Term 2 for 1300
2026-02-05 18:32:10,906 - INFO - 'Show sections' button disabled for 2025-26 Term 2 - sections should already be visible
2026-02-05 18:32:10,911 - INFO - Getting enrollment details for section: A-LEC (5134)
2026-02-05 18:32:11,720 - INFO - Extracted details for 1300: Credits=1.00, Terms=1
2026-02-05 18:32:11,723 - INFO - 💾 Progress saved: PHED - 68/81 courses completed
2026-02-05 18:32:12,727 - INFO - 📖 Getting details for course 69/81: 1310
2026-02-05 18:32:13,706 - INFO - Navigating to Course Outcome page for 1310
2026-02-05 18:32:14,551 - INFO - Course Outcome parsed for 1310
2026-02-05 18:32:14,551 - INFO - Found 2 terms for 1310: ['2025-26 Term 1', '2025-26 Term 2']
2026-02-05 18:32:14,551 - INFO - Scraping term 1/2: 2025-26 Term 1 for 1310
2026-02-05 18:32:14,555 - INFO - Clicking 'Show sections' for 2025-26 Term 1
2026-02-05 18:32:15,092 - INFO - Getting enrollment details for section: A-LEC (5008)
2026-02-05 18:32:16,844 - INFO - Scraping term 2/2: 2025-26 Term 2 for 1310
2026-02-05 18:32:16,850 - INFO - Switching to 2025-26 Term 2 for 1310
2026-02-05 18:32:17,361 - INFO - Clicking 'Show sections' for 2025-26 Term 2
2026-02-05 18:32:17,860 - INFO - Getting enrollment details for section: --LEC (5146)
2026-02-05 18:32:18,506 - INFO - Extracted details for 1310: Credits=1.00, Terms=2
2026-02-05 18:32:19,507 - INFO - 📖 Getting details for course 70/81: 1320
2026-02-05 18:32:20,095 - INFO - Navigating to Course Outcome page for 1320
2026-02-05 18:32:20,640 - INFO - Course Outcome parsed for 1320
2026-02-05 18:32:20,640 - INFO - No term dropdown found for 1320, using current data
2026-02-05 18:32:21,650 - INFO - 📖 Getting details for course 71/81: 1330
2026-02-05 18:32:22,226 - INFO - Navigating to Course Outcome page for 1330
2026-02-05 18:32:22,784 - INFO - Course Outcome parsed for 1330
2026-02-05 18:32:22,784 - INFO - Found 2 terms for 1330: ['2025-26 Term 1', '2025-26 Term 2']
2026-02-05 18:32:22,784 - INFO - Scraping term 1/2: 2025-26 Term 1 for 1330
2026-02-05 18:32:22,790 - INFO - Clicking 'Show sections' for 2025-26 Term 1
2026-02-05 18:32:23,216 - INFO - Getting enrollment details for section: A-LEC (5007)
2026-02-05 18:32:23,736 - INFO - Getting enrollment details for section: B-LEC (5009)
2026-02-05 18:32:25,338 - INFO - Scraping term 2/2: 2025-26 Term 2 for 1330
2026-02-05 18:32:25,350 - INFO - Switching to 2025-26 Term 2 for 1330
2026-02-05 18:32:25,674 - INFO - Clicking 'Show sections' for 2025-26 Term 2
2026-02-05 18:32:26,046 - INFO - Getting enrollment details for section: A-LEC (5135)
2026-02-05 18:32:26,595 - INFO - Getting enrollment details for section: B-LEC (5144)
2026-02-05 18:32:27,108 - INFO - Extracted details for 1330: Credits=1.00, Terms=2
2026-02-05 18:32:28,113 - INFO - 📖 Getting details for course 72/81: 1340
2026-02-05 18:32:28,725 - INFO - Navigating to Course Outcome page for 1340
2026-02-05 18:32:29,219 - INFO - Course Outcome parsed for 1340
2026-02-05 18:32:29,219 - INFO - Found 2 terms for 1340: ['2025-26 Term 1', '2025-26 Term 2']
2026-02-05 18:32:29,219 - INFO - Scraping term 1/2: 2025-26 Term 1 for 1340
2026-02-05 18:32:29,225 - INFO - Clicking 'Show sections' for 2025-26 Term 1
2026-02-05 18:32:29,536 - INFO - Getting enrollment details for section: A-LEC (5021)
2026-02-05 18:32:31,107 - INFO - Scraping term 2/2: 2025-26 Term 2 for 1340
2026-02-05 18:32:31,118 - INFO - Switching to 2025-26 Term 2 for 1340
2026-02-05 18:32:31,425 - INFO - Clicking 'Show sections' for 2025-26 Term 2
2026-02-05 18:32:31,813 - INFO - Getting enrollment details for section: A-LEC (5145)
2026-02-05 18:32:32,351 - INFO - Extracted details for 1340: Credits=1.00, Terms=2
2026-02-05 18:32:33,356 - INFO - 📖 Getting details for course 73/81: (1370)
2026-02-05 18:32:34,025 - INFO - Navigating to Course Outcome page for 1370
2026-02-05 18:32:34,439 - INFO - Course Outcome parsed for 1370
2026-02-05 18:32:34,440 - INFO - No term dropdown found for 1370, using current data
2026-02-05 18:32:35,448 - INFO - 📖 Getting details for course 74/81: 1430
2026-02-05 18:32:36,059 - INFO - Navigating to Course Outcome page for 1430
2026-02-05 18:32:36,536 - INFO - Course Outcome parsed for 1430
2026-02-05 18:32:36,536 - INFO - No term dropdown found for 1430, using current data
2026-02-05 18:32:37,546 - INFO - 📖 Getting details for course 75/81: 2020
2026-02-05 18:32:38,100 - INFO - Navigating to Course Outcome page for 2020
2026-02-05 18:32:38,636 - INFO - Course Outcome parsed for 2020
2026-02-05 18:32:38,636 - INFO - No term dropdown found for 2020, using current data
2026-02-05 18:32:39,644 - INFO - 📖 Getting details for course 76/81: 2021
2026-02-05 18:32:40,210 - INFO - Navigating to Course Outcome page for 2021
2026-02-05 18:32:40,611 - INFO - Course Outcome parsed for 2021
2026-02-05 18:32:40,611 - INFO - No term dropdown found for 2021, using current data
2026-02-05 18:32:41,620 - INFO - 📖 Getting details for course 77/81: 2022
2026-02-05 18:32:42,139 - INFO - Navigating to Course Outcome page for 2022
2026-02-05 18:32:42,609 - INFO - Course Outcome parsed for 2022
2026-02-05 18:32:42,609 - INFO - No term dropdown found for 2022, using current data
2026-02-05 18:32:43,618 - INFO - 📖 Getting details for course 78/81: 2060
2026-02-05 18:32:44,132 - INFO - Navigating to Course Outcome page for 2060
2026-02-05 18:32:44,562 - INFO - Course Outcome parsed for 2060
2026-02-05 18:32:44,562 - INFO - Found 1 terms for 2060: ['2025-26 Term 2']
2026-02-05 18:32:44,562 - INFO - Scraping term 1/1: 2025-26 Term 2 for 2060
2026-02-05 18:32:44,567 - INFO - 'Show sections' button disabled for 2025-26 Term 2 - sections should already be visible
2026-02-05 18:32:44,572 - INFO - Getting enrollment details for section: XA-LEC (7988)
2026-02-05 18:32:45,089 - INFO - Extracted details for 2060: Credits=1.00, Terms=1
2026-02-05 18:32:46,094 - INFO - 📖 Getting details for course 79/81: 2121
2026-02-05 18:32:46,659 - INFO - Navigating to Course Outcome page for 2121
2026-02-05 18:32:47,091 - INFO - Course Outcome parsed for 2121
2026-02-05 18:32:47,091 - INFO - Found 1 terms for 2121: ['2025-26 Term 2']
2026-02-05 18:32:47,091 - INFO - Scraping term 1/1: 2025-26 Term 2 for 2121
2026-02-05 18:32:47,095 - INFO - 'Show sections' button disabled for 2025-26 Term 2 - sections should already be visible
2026-02-05 18:32:47,099 - INFO - Getting enrollment details for section: A-LEC (5136)
2026-02-05 18:32:47,561 - INFO - Extracted details for 2121: Credits=1.00, Terms=1
2026-02-05 18:32:48,567 - INFO - 📖 Getting details for course 80/81: 2122
2026-02-05 18:32:49,119 - INFO - Navigating to Course Outcome page for 2122
2026-02-05 18:32:49,719 - INFO - Course Outcome parsed for 2122
2026-02-05 18:32:49,719 - INFO - No term dropdown found for 2122, using current data
2026-02-05 18:32:50,728 - INFO - 📖 Getting details for course 81/81: 2160
2026-02-05 18:32:51,224 - INFO - Navigating to Course Outcome page for 2160
2026-02-05 18:32:51,768 - INFO - Course Outcome parsed for 2160
2026-02-05 18:32:51,768 - INFO - No term dropdown found for 2160, using current data
2026-02-05 18:32:51,771 - INFO - 🔍 PHED: Found 81 courses
2026-02-05 18:32:51,785 - INFO - 💾 SAVED PHED → data/PHED.json
2026-02-05 18:32:51,787 - INFO - ✅ Completed PHED: 81 courses in 7.1 minutes
2026-02-05 18:32:51,787 - INFO - ✅ PHED completed: 81 courses in 7.1min → data/PHED.json
2026-02-05 18:32:51,803 - INFO - ✅ All course outcomes scraped successfully
2026-02-05 18:32:51,803 - INFO - 🎉 SCRAPING COMPLETED!
2026-02-05 18:32:51,803 - INFO - ✅ Completed: 1 subjects
2026-02-05 18:32:51,803 - INFO - ❌ Failed: 0 subjects
